Archive member included to satisfy reference by file (symbol)

C:/ST/STM32CubeIDE_1.19.0/STM32CubeIDE/plugins/com.st.stm32cube.ide.mcu.externaltools.gnu-tools-for-stm32.13.3.rel1.win32_1.0.0.202411081344/tools/bin/../lib/gcc/arm-none-eabi/13.3.1/../../../../arm-none-eabi/lib/thumb/v7e-m+fp/hard\libc_nano.a(libc_a-exit.o)
                              C:/ST/STM32CubeIDE_1.19.0/STM32CubeIDE/plugins/com.st.stm32cube.ide.mcu.externaltools.gnu-tools-for-stm32.13.3.rel1.win32_1.0.0.202411081344/tools/bin/../lib/gcc/arm-none-eabi/13.3.1/../../../../arm-none-eabi/lib/thumb/v7e-m+fp/hard/crt0.o (exit)
C:/ST/STM32CubeIDE_1.19.0/STM32CubeIDE/plugins/com.st.stm32cube.ide.mcu.externaltools.gnu-tools-for-stm32.13.3.rel1.win32_1.0.0.202411081344/tools/bin/../lib/gcc/arm-none-eabi/13.3.1/../../../../arm-none-eabi/lib/thumb/v7e-m+fp/hard\libc_nano.a(libc_a-findfp.o)
                              C:/ST/STM32CubeIDE_1.19.0/STM32CubeIDE/plugins/com.st.stm32cube.ide.mcu.externaltools.gnu-tools-for-stm32.13.3.rel1.win32_1.0.0.202411081344/tools/bin/../lib/gcc/arm-none-eabi/13.3.1/../../../../arm-none-eabi/lib/thumb/v7e-m+fp/hard\libc_nano.a(libc_a-exit.o) (__stdio_exit_handler)
C:/ST/STM32CubeIDE_1.19.0/STM32CubeIDE/plugins/com.st.stm32cube.ide.mcu.externaltools.gnu-tools-for-stm32.13.3.rel1.win32_1.0.0.202411081344/tools/bin/../lib/gcc/arm-none-eabi/13.3.1/../../../../arm-none-eabi/lib/thumb/v7e-m+fp/hard\libc_nano.a(libc_a-fwalk.o)
                              C:/ST/STM32CubeIDE_1.19.0/STM32CubeIDE/plugins/com.st.stm32cube.ide.mcu.externaltools.gnu-tools-for-stm32.13.3.rel1.win32_1.0.0.202411081344/tools/bin/../lib/gcc/arm-none-eabi/13.3.1/../../../../arm-none-eabi/lib/thumb/v7e-m+fp/hard\libc_nano.a(libc_a-findfp.o) (_fwalk_sglue)
C:/ST/STM32CubeIDE_1.19.0/STM32CubeIDE/plugins/com.st.stm32cube.ide.mcu.externaltools.gnu-tools-for-stm32.13.3.rel1.win32_1.0.0.202411081344/tools/bin/../lib/gcc/arm-none-eabi/13.3.1/../../../../arm-none-eabi/lib/thumb/v7e-m+fp/hard\libc_nano.a(libc_a-stdio.o)
                              C:/ST/STM32CubeIDE_1.19.0/STM32CubeIDE/plugins/com.st.stm32cube.ide.mcu.externaltools.gnu-tools-for-stm32.13.3.rel1.win32_1.0.0.202411081344/tools/bin/../lib/gcc/arm-none-eabi/13.3.1/../../../../arm-none-eabi/lib/thumb/v7e-m+fp/hard\libc_nano.a(libc_a-findfp.o) (__sread)
C:/ST/STM32CubeIDE_1.19.0/STM32CubeIDE/plugins/com.st.stm32cube.ide.mcu.externaltools.gnu-tools-for-stm32.13.3.rel1.win32_1.0.0.202411081344/tools/bin/../lib/gcc/arm-none-eabi/13.3.1/../../../../arm-none-eabi/lib/thumb/v7e-m+fp/hard\libc_nano.a(libc_a-memset.o)
                              C:/ST/STM32CubeIDE_1.19.0/STM32CubeIDE/plugins/com.st.stm32cube.ide.mcu.externaltools.gnu-tools-for-stm32.13.3.rel1.win32_1.0.0.202411081344/tools/bin/../lib/gcc/arm-none-eabi/13.3.1/../../../../arm-none-eabi/lib/thumb/v7e-m+fp/hard/crt0.o (memset)
C:/ST/STM32CubeIDE_1.19.0/STM32CubeIDE/plugins/com.st.stm32cube.ide.mcu.externaltools.gnu-tools-for-stm32.13.3.rel1.win32_1.0.0.202411081344/tools/bin/../lib/gcc/arm-none-eabi/13.3.1/../../../../arm-none-eabi/lib/thumb/v7e-m+fp/hard\libc_nano.a(libc_a-closer.o)
                              C:/ST/STM32CubeIDE_1.19.0/STM32CubeIDE/plugins/com.st.stm32cube.ide.mcu.externaltools.gnu-tools-for-stm32.13.3.rel1.win32_1.0.0.202411081344/tools/bin/../lib/gcc/arm-none-eabi/13.3.1/../../../../arm-none-eabi/lib/thumb/v7e-m+fp/hard\libc_nano.a(libc_a-stdio.o) (_close_r)
C:/ST/STM32CubeIDE_1.19.0/STM32CubeIDE/plugins/com.st.stm32cube.ide.mcu.externaltools.gnu-tools-for-stm32.13.3.rel1.win32_1.0.0.202411081344/tools/bin/../lib/gcc/arm-none-eabi/13.3.1/../../../../arm-none-eabi/lib/thumb/v7e-m+fp/hard\libc_nano.a(libc_a-reent.o)
                              C:/ST/STM32CubeIDE_1.19.0/STM32CubeIDE/plugins/com.st.stm32cube.ide.mcu.externaltools.gnu-tools-for-stm32.13.3.rel1.win32_1.0.0.202411081344/tools/bin/../lib/gcc/arm-none-eabi/13.3.1/../../../../arm-none-eabi/lib/thumb/v7e-m+fp/hard\libc_nano.a(libc_a-closer.o) (errno)
C:/ST/STM32CubeIDE_1.19.0/STM32CubeIDE/plugins/com.st.stm32cube.ide.mcu.externaltools.gnu-tools-for-stm32.13.3.rel1.win32_1.0.0.202411081344/tools/bin/../lib/gcc/arm-none-eabi/13.3.1/../../../../arm-none-eabi/lib/thumb/v7e-m+fp/hard\libc_nano.a(libc_a-impure.o)
                              C:/ST/STM32CubeIDE_1.19.0/STM32CubeIDE/plugins/com.st.stm32cube.ide.mcu.externaltools.gnu-tools-for-stm32.13.3.rel1.win32_1.0.0.202411081344/tools/bin/../lib/gcc/arm-none-eabi/13.3.1/../../../../arm-none-eabi/lib/thumb/v7e-m+fp/hard\libc_nano.a(libc_a-reent.o) (_impure_ptr)
C:/ST/STM32CubeIDE_1.19.0/STM32CubeIDE/plugins/com.st.stm32cube.ide.mcu.externaltools.gnu-tools-for-stm32.13.3.rel1.win32_1.0.0.202411081344/tools/bin/../lib/gcc/arm-none-eabi/13.3.1/../../../../arm-none-eabi/lib/thumb/v7e-m+fp/hard\libc_nano.a(libc_a-lseekr.o)
[...]
Memory Configuration

Name             Origin             Length             Attributes
RAM              0x20000000         0x00018000         xrw
SRAM2            0x10000000         0x00008000         xrw
FLASH            0x08000000         0x00100000         xr
*default*        0x00000000         0xffffffff

Linker script and memory map

LOAD C:/ST/STM32CubeIDE_1.19.0/STM32CubeIDE/plugins/com.st.stm32cube.ide.mcu.externaltools.gnu-tools-for-stm32.13.3.rel1.win32_1.0.0.202411081344/tools/bin/../lib/gcc/arm-none-eabi/13.3.1/thumb/v7e-m+fp/hard/crti.o
LOAD C:/ST/STM32CubeIDE_1.19.0/STM32CubeIDE/plugins/com.st.stm32cube.ide.mcu.externaltools.gnu-tools-for-stm32.13.3.rel1.win32_1.0.0.202411081344/tools/bin/../lib/gcc/arm-none-eabi/13.3.1/thumb/v7e-m+fp/hard/crtbegin.o
LOAD C:/ST/STM32CubeIDE_1.19.0/STM32CubeIDE/plugins/com.st.stm32cube.ide.mcu.externaltools.gnu-tools-for-stm32.13.3.rel1.win32_1.0.0.202411081344/tools/bin/../lib/gcc/arm-none-eabi/13.3.1/../../../../arm-none-eabi/lib/thumb/v7e-m+fp/hard/crt0.o
LOAD ./Drivers/Src/stm32l476xx_gpio_drivers.o
LOAD ./Drivers/Src/stm32l476xx_rcc_driver.o
LOAD ./Drivers/Src/stm32l476xx_spi.o
LOAD ./Src/delay.o
LOAD ./Src/main_spi.o
LOAD ./Src/syscalls.o
LOAD ./Src/sysmem.o
LOAD ./Src/w25qxx.o
LOAD ./Startup/startup_stm32l476rgtx.o
START GROUP
LOAD C:/ST/STM32CubeIDE_1.19.0/STM32CubeIDE/plugins/com.st.stm32cube.ide.mcu.externaltools.gnu-tools-for-stm32.13.3.rel1.win32_1.0.0.202411081344/tools/bin/../lib/gcc/arm-none-eabi/13.3.1/../../../../arm-none-eabi/lib/thumb/v7e-m+fp/hard\libc_nano.a
LOAD C:/ST/STM32CubeIDE_1.19.0/STM32CubeIDE/plugins/com.st.stm32cube.ide.mcu.externaltools.gnu-tools-for-stm32.13.3.rel1.win32_1.0.0.202411081344/tools/bin/../lib/gcc/arm-none-eabi/13.3.1/../../../../arm-none-eabi/lib/thumb/v7e-m+fp/hard\libm.a
END GROUP
START GROUP
LOAD C:/ST/STM32CubeIDE_1.19.0/STM32CubeIDE/plugins/com.st.stm32cube.ide.mcu.externaltools.gnu-tools-for-stm32.13.3.rel1.win32_1.0.0.202411081344/tools/bin/../lib/gcc/arm-none-eabi/13.3.1/thumb/v7e-m+fp/hard\libgcc.a
LOAD C:/ST/STM32CubeIDE_1.19.0/STM32CubeIDE/plugins/com.st.stm32cube.ide.mcu.externaltools.gnu-tools-for-stm32.13.3.rel1.win32_1.0.0.202411081344/tools/bin/../lib/gcc/arm-none-eabi/13.3.1/../../../../arm-none-eabi/lib/thumb/v7e-m+fp/hard\libc_nano.a
END GROUP
START GROUP
LOAD C:/ST/STM32CubeIDE_1.19.0/STM32CubeIDE/plugins/com.st.stm32cube.ide.mcu.externaltools.gnu-tools-for-stm32.13.3.rel1.win32_1.0.0.202411081344/tools/bin/../lib/gcc/arm-none-eabi/13.3.1/thumb/v7e-m+fp/hard\libgcc.a
LOAD C:/ST/STM32CubeIDE_1.19.0/STM32CubeIDE/plugins/com.st.stm32cube.ide.mcu.externaltools.gnu-tools-for-stm32.13.3.rel1.win32_1.0.0.202411081344/tools/bin/../lib/gcc/arm-none-eabi/13.3.1/../../../../arm-none-eabi/lib/thumb/v7e-m+fp/hard\libc_nano.a
LOAD C:/ST/STM32CubeIDE_1.19.0/STM32CubeIDE/plugins/com.st.stm32cube.ide.mcu.externaltools.gnu-tools-for-stm32.13.3.rel1.win32_1.0.0.202411081344/tools/bin/../lib/gcc/arm-none-eabi/13.3.1/../../../../arm-none-eabi/lib/thumb/v7e-m+fp/hard\libnosys.a
END GROUP
START GROUP
LOAD C:/ST/STM32CubeIDE_1.19.0/STM32CubeIDE/plugins/com.st.stm32cube.ide.mcu.externaltools.gnu-tools-for-stm32.13.3.rel1.win32_1.0.0.202411081344/tools/bin/../lib/gcc/arm-none-eabi/13.3.1/thumb/v7e-m+fp/hard\libgcc.a
LOAD C:/ST/STM32CubeIDE_1.19.0/STM32CubeIDE/plugins/com.st.stm32cube.ide.mcu.externaltools.gnu-tools-for-stm32.13.3.rel1.win32_1.0.0.202411081344/tools/bin/../lib/gcc/arm-none-eabi/13.3.1/../../../../arm-none-eabi/lib/thumb/v7e-m+fp/hard\libc_nano.a
LOAD C:/ST/STM32CubeIDE_1.19.0/STM32CubeIDE/plugins/com.st.stm32cube.ide.mcu.externaltools.gnu-tools-for-stm32.13.3.rel1.win32_1.0.0.202411081344/tools/bin/../lib/gcc/arm-none-eabi/13.3.1/../../../../arm-none-eabi/lib/thumb/v7e-m+fp/hard\libnosys.a
END GROUP
LOAD C:/ST/STM32CubeIDE_1.19.0/STM32CubeIDE/plugins/com.st.stm32cube.ide.mcu.externaltools.gnu-tools-for-stm32.13.3.rel1.win32_1.0.0.202411081344/tools/bin/../lib/gcc/arm-none-eabi/13.3.1/thumb/v7e-m+fp/hard/crtend.o
LOAD C:/ST/STM32CubeIDE_1.19.0/STM32CubeIDE/plugins/com.st.stm32cube.ide.mcu.externaltools.gnu-tools-for-stm32.13.3.rel1.win32_1.0.0.202411081344/tools/bin/../lib/gcc/arm-none-eabi/13.3.1/thumb/v7e-m+fp/hard/crtn.o
                0x20018000                        _estack = (ORIGIN (RAM) + LENGTH (RAM))
                0x00000200                        _Min_Heap_Size = 0x200
                0x00000400                        _Min_Stack_Size = 0x400

.isr_vector     0x08000000      0x18c
                0x08000000                        . = ALIGN (0x4)
 *(.isr_vector)
 .isr_vector    0x08000000      0x18c ./Startup/startup_stm32l476rgtx.o
                0x08000000                g_pfnVectors
                0x0800018c                        . = ALIGN (0x4)

.text           0x0800018c      0xd34
                0x0800018c                        . = ALIGN (0x4)
 *(.text)
 .text          0x0800018c       0x40 C:/ST/STM32CubeIDE_1.19.0/STM32CubeIDE/plugins/com.st.stm32cube.ide.mcu.externaltools.gnu-tools-for-stm32.13.3.rel1.win32_1.0.0.202411081344/tools/bin/../lib/gcc/arm-none-eabi/13.3.1/thumb/v7e-m+fp/hard/crtbegin.o
 *(.text*)
 .text.GPIO_PeriClockControl
                0x080001cc      0x19c ./Drivers/Src/stm32l476xx_gpio_drivers.o
                0x080001cc                GPIO_PeriClockControl
 .text.GPIO_Init
                0x08000368      0x370 ./Drivers/Src/stm32l476xx_gpio_drivers.o
                0x08000368                GPIO_Init
 .text.GPIO_WriteToOutputPin
                0x080006d8       0x42 ./Drivers/Src/stm32l476xx_gpio_drivers.o
                0x080006d8                GPIO_WriteToOutputPin
 *fill*         0x0800071a        0x2 
 .text.SPI_PeriClockControl
                0x0800071c       0xb0 ./Drivers/Src/stm32l476xx_spi.o
                0x0800071c                SPI_PeriClockControl
 .text.SPI_Init
                0x080007cc      0x112 ./Drivers/Src/stm32l476xx_spi.o
                0x080007cc                SPI_Init
 .text.SPI_SendData
                0x080008de       0x6e ./Drivers/Src/stm32l476xx_spi.o
                0x080008de                SPI_SendData
 .text.SPI_ReceiveData
                0x0800094c       0x6c ./Drivers/Src/stm32l476xx_spi.o
                0x0800094c                SPI_ReceiveData
 .text.SPI_GetFlagStatus
                0x080009b8       0x28 ./Drivers/Src/stm32l476xx_spi.o
                0x080009b8                SPI_GetFlagStatus
 .text.delay_ms
                0x080009e0       0x34 ./Src/main_spi.o
                0x080009e0                delay_ms
 .text.SPI_GPIO_Init
                0x08000a14       0xa8 ./Src/main_spi.o
                0x08000a14                SPI_GPIO_Init
 .text.SPI1_inits
                0x08000abc       0x48 ./Src/main_spi.o
                0x08000abc                SPI1_inits
 .text.main     0x08000b04       0x58 ./Src/main_spi.o
                0x08000b04                main
 .text.W25Q_WriteEnable
                0x08000b5c       0x4c ./Src/w25qxx.o
                0x08000b5c                W25Q_WriteEnable
 .text.W25Q_ReadStatus
                0x08000ba8       0x58 ./Src/w25qxx.o
                0x08000ba8                W25Q_ReadStatus
 .text.W25Q_WaitBusy
                0x08000c00       0x1a ./Src/w25qxx.o
                0x08000c00                W25Q_WaitBusy
 *fill*         0x08000c1a        0x2 
 .text.W25Q_ReadID
                0x08000c1c       0x70 ./Src/w25qxx.o
                0x08000c1c                W25Q_ReadID
 .text.W25Q_Read
                0x08000c8c       0x7c ./Src/w25qxx.o
                0x08000c8c                W25Q_Read
 .text.W25Q_Write
                0x08000d08       0x80 ./Src/w25qxx.o
                0x08000d08                W25Q_Write
 .text.W25Q_EraseSector
                0x08000d88       0x74 ./Src/w25qxx.o
                0x08000d88                W25Q_EraseSector
 .text.Reset_Handler
                0x08000dfc       0x50 ./Startup/startup_stm32l476rgtx.o
                0x08000dfc                Reset_Handler
 .text.Default_Handler
                0x08000e4c        0x2 ./Startup/startup_stm32l476rgtx.o
                0x08000e4c                EXTI2_IRQHandler
                0x08000e4c                TIM8_TRG_COM_IRQHandler
                0x08000e4c                TIM8_CC_IRQHandler
                0x08000e4c                DebugMon_Handler
                0x08000e4c                DMA1_CH4_IRQHandler
                0x08000e4c                TIM1_CC_IRQHandler
                0x08000e4c                TSC_IRQHandler
                0x08000e4c                HardFault_Handler
                0x08000e4c                SysTick_Handler
                0x08000e4c                TAMP_STAMP_IRQHandler
                0x08000e4c                PendSV_Handler
                0x08000e4c                NMI_Handler
                0x08000e4c                EXTI3_IRQHandler
                0x08000e4c                LPTIM2_IRQHandler
                0x08000e4c                DFSDM1_FLT1_IRQHandler
                0x08000e4c                I2C3_ER_IRQHandler
                0x08000e4c                DFSDM1_FLT2_IRQHandler
                0x08000e4c                TIM6_DACUNDER_IRQHandler
                0x08000e4c                EXTI0_IRQHandler
                0x08000e4c                I2C2_EV_IRQHandler
                0x08000e4c                DMA2_CH1_IRQHandler
                0x08000e4c                CAN1_RX0_IRQHandler
                0x08000e4c                FPU_IRQHandler
                0x08000e4c                TIM1_UP_TIM16_IRQHandler
                0x08000e4c                DMA2_CH7_IRQHandler
                0x08000e4c                UsageFault_Handler
                0x08000e4c                ADC1_2_IRQHandler
                0x08000e4c                SPI1_IRQHandler
                0x08000e4c                DMA1_CH7_IRQHandler
                0x08000e4c                TIM8_UP_IRQHandler
                0x08000e4c                RTC_ALARM_IRQHandler
                0x08000e4c                SAI2_IRQHandler
                0x08000e4c                DFSDM1_FLT3_IRQHandler
                0x08000e4c                DMA1_CH6_IRQHandler
                0x08000e4c                USART3_IRQHandler
                0x08000e4c                CAN1_RX1_IRQHandler
                0x08000e4c                LCD_IRQHandler
                0x08000e4c                UART5_IRQHandler
                0x08000e4c                ADC3_IRQHandler
                0x08000e4c                TIM4_IRQHandler
                0x08000e4c                QUADSPI_IRQHandler
                0x08000e4c                I2C1_EV_IRQHandler
                0x08000e4c                DMA2_CH5_IRQHandler
                0x08000e4c                UART4_IRQHandler
                0x08000e4c                DMA1_CH3_IRQHandler
                0x08000e4c                TIM3_IRQHandler
                0x08000e4c                RCC_IRQHandler
                0x08000e4c                Default_Handler
                0x08000e4c                EXTI15_10_IRQHandler
                0x08000e4c                TIM7_IRQHandler
                0x08000e4c                SDMMC1_IRQHandler
                0x08000e4c                TIM5_IRQHandler
                0x08000e4c                I2C3_EV_IRQHandler
                0x08000e4c                EXTI9_5_IRQHandler
                0x08000e4c                DMA1_CH2_IRQHandler
                0x08000e4c                RTC_WKUP_IRQHandler
                0x08000e4c                PVD_PVM_IRQHandler
                0x08000e4c                SPI2_IRQHandler
                0x08000e4c                DMA1_CH1_IRQHandler
                0x08000e4c                MemManage_Handler
                0x08000e4c                CAN1_TX_IRQHandler
                0x08000e4c                SVC_Handler
                0x08000e4c                CRS_IRQHandler
                0x08000e4c                EXTI4_IRQHandler
                0x08000e4c                RNG_IRQHandler
                0x08000e4c                TIM1_TRG_COM_TIM17_IRQHandler
                0x08000e4c                COMP_IRQHandler
                0x08000e4c                WWDG_IRQHandler
                0x08000e4c                LPUART1_IRQHandler
                0x08000e4c                TIM2_IRQHandler
                0x08000e4c                EXTI1_IRQHandler
                0x08000e4c                USART2_IRQHandler
                0x08000e4c                DFSDM1_FLT0_IRQHandler
                0x08000e4c                I2C2_ER_IRQHandler
                0x08000e4c                TIM8_BRK_IRQHandler
                0x08000e4c                CAN1_SCE_IRQHandler
                0x08000e4c                FLASH_IRQHandler
                0x08000e4c                BusFault_Handler
                0x08000e4c                USART1_IRQHandler
                0x08000e4c                OTG_FS_IRQHandler
                0x08000e4c                SPI3_IRQHandler
                0x08000e4c                DMA2_CH6_IRQHandler
                0x08000e4c                DMA2_CH3_IRQHandler
                0x08000e4c                DMA2_CH2_IRQHandler
                0x08000e4c                I2C1_ER_IRQHandler
                0x08000e4c                FMC_IRQHandler
                0x08000e4c                DMA1_CH5_IRQHandler
                0x08000e4c                DMA2_CH4_IRQHandler
                0x08000e4c                SWPMI1_IRQHandler
                0x08000e4c                LPTIM1_IRQHandler
                0x08000e4c                SAI1_IRQHandler
                0x08000e4c                TIM1_BRK_TIM15_IRQHandler
 .text.memset   0x08000e4e       0x10 C:/ST/STM32CubeIDE_1.19.0/STM32CubeIDE/plugins/com.st.stm32cube.ide.mcu.externaltools.gnu-tools-for-stm32.13.3.rel1.win32_1.0.0.202411081344/tools/bin/../lib/gcc/arm-none-eabi/13.3.1/../../../../arm-none-eabi/lib/thumb/v7e-m+fp/hard\libc_nano.a(libc_a-memset.o)
                0x08000e4e                memset
 *fill*         0x08000e5e        0x2 
 .text.__libc_init_array
                0x08000e60       0x48 C:/ST/STM32CubeIDE_1.19.0/STM32CubeIDE/plugins/com.st.stm32cube.ide.mcu.externaltools.gnu-tools-for-stm32.13.3.rel1.win32_1.0.0.202411081344/tools/bin/../lib/gcc/arm-none-eabi/13.3.1/../../../../arm-none-eabi/lib/thumb/v7e-m+fp/hard\libc_nano.a(libc_a-init.o)
                0x08000e60                __libc_init_array
 *(.glue_7)
 .glue_7        0x08000ea8        0x0 linker stubs
 *(.glue_7t)
 .glue_7t       0x08000ea8        0x0 linker stubs
 *(.eh_frame)
 .eh_frame      0x08000ea8        0x0 C:/ST/STM32CubeIDE_1.19.0/STM32CubeIDE/plugins/com.st.stm32cube.ide.mcu.externaltools.gnu-tools-for-stm32.13.3.rel1.win32_1.0.0.202411081344/tools/bin/../lib/gcc/arm-none-eabi/13.3.1/thumb/v7e-m+fp/hard/crtbegin.o
 *(.init)
 .init          0x08000ea8        0x4 C:/ST/STM32CubeIDE_1.19.0/STM32CubeIDE/plugins/com.st.stm32cube.ide.mcu.externaltools.gnu-tools-for-stm32.13.3.rel1.win32_1.0.0.202411081344/tools/bin/../lib/gcc/arm-none-eabi/13.3.1/thumb/v7e-m+fp/hard/crti.o
                0x08000ea8                _init
 .init          0x08000eac        0x8 C:/ST/STM32CubeIDE_1.19.0/STM32CubeIDE/plugins/com.st.stm32cube.ide.mcu.externaltools.gnu-tools-for-stm32.13.3.rel1.win32_1.0.0.202411081344/tools/bin/../lib/gcc/arm-none-eabi/13.3.1/thumb/v7e-m+fp/hard/crtn.o
 *(.fini)
 .fini          0x08000eb4        0x4 C:/ST/STM32CubeIDE_1.19.0/STM32CubeIDE/plugins/com.st.stm32cube.ide.mcu.externaltools.gnu-tools-for-stm32.13.3.rel1.win32_1.0.0.202411081344/tools/bin/../lib/gcc/arm-none-eabi/13.3.1/thumb/v7e-m+fp/hard/crti.o
                0x08000eb4                _fini
 .fini          0x08000eb8        0x8 C:/ST/STM32CubeIDE_1.19.0/STM32CubeIDE/plugins/com.st.stm32cube.ide.mcu.externaltools.gnu-tools-for-stm32.13.3.rel1.win32_1.0.0.202411081344/tools/bin/../lib/gcc/arm-none-eabi/13.3.1/thumb/v7e-m+fp/hard/crtn.o
                0x08000ec0                        . = ALIGN (0x4)
                0x08000ec0                        _etext = .

.vfp11_veneer   0x08000ec0        0x0
 .vfp11_veneer  0x08000ec0        0x0 linker stubs

.v4_bx          0x08000ec0        0x0
 .v4_bx         0x08000ec0        0x0 linker stubs

.iplt           0x08000ec0        0x0
 .iplt          0x08000ec0        0x0 C:/ST/STM32CubeIDE_1.19.0/STM32CubeIDE/plugins/com.st.stm32cube.ide.mcu.externaltools.gnu-tools-for-stm32.13.3.rel1.win32_1.0.0.202411081344/tools/bin/../lib/gcc/arm-none-eabi/13.3.1/thumb/v7e-m+fp/hard/crtbegin.o

.rodata         0x08000ec0        0x0
                0x08000ec0                        . = ALIGN (0x4)
 *(.rodata)
 *(.rodata*)
                0x08000ec0                        . = ALIGN (0x4)

.ARM.extab      0x08000ec0        0x0
                0x08000ec0                        . = ALIGN (0x4)
 *(.ARM.extab* .gnu.linkonce.armextab.*)
                0x08000ec0                        . = ALIGN (0x4)

.ARM            0x08000ec0        0x0
                0x08000ec0                        . = ALIGN (0x4)
                0x08000ec0                        __exidx_start = .
 *(.ARM.exidx*)
                0x08000ec0                        __exidx_end = .
                0x08000ec0                        . = ALIGN (0x4)

.preinit_array  0x08000ec0        0x0
                0x08000ec0                        . = ALIGN (0x4)
                0x08000ec0                        PROVIDE (__preinit_array_start = .)
 *(.preinit_array*)
                0x08000ec0                        PROVIDE (__preinit_array_end = .)
                0x08000ec0                        . = ALIGN (0x4)

.init_array     0x08000ec0        0x4
                0x08000ec0                        . = ALIGN (0x4)
                0x08000ec0                        PROVIDE (__init_array_start = .)
 *(SORT_BY_NAME(.init_array.*))
 *(.init_array*)
 .init_array    0x08000ec0        0x4 C:/ST/STM32CubeIDE_1.19.0/STM32CubeIDE/plugins/com.st.stm32cube.ide.mcu.externaltools.gnu-tools-for-stm32.13.3.rel1.win32_1.0.0.202411081344/tools/bin/../lib/gcc/arm-none-eabi/13.3.1/thumb/v7e-m+fp/hard/crtbegin.o
                0x08000ec4                        PROVIDE (__init_array_end = .)
                0x08000ec4                        . = ALIGN (0x4)

.fini_array     0x08000ec4        0x4
                0x08000ec4                        . = ALIGN (0x4)
                [!provide]                        PROVIDE (__fini_array_start = .)
 *(SORT_BY_NAME(.fini_array.*))
 *(.fini_array*)
 .fini_array    0x08000ec4        0x4 C:/ST/STM32CubeIDE_1.19.0/STM32CubeIDE/plugins/com.st.stm32cube.ide.mcu.externaltools.gnu-tools-for-stm32.13.3.rel1.win32_1.0.0.202411081344/tools/bin/../lib/gcc/arm-none-eabi/13.3.1/thumb/v7e-m+fp/hard/crtbegin.o
                [!provide]                        PROVIDE (__fini_array_end = .)
                0x08000ec8                        . = ALIGN (0x4)
                0x08000ec8                        _sidata = LOADADDR (.data)

.rel.dyn        0x08000ec8        0x0
 .rel.iplt      0x08000ec8        0x0 C:/ST/STM32CubeIDE_1.19.0/STM32CubeIDE/plugins/com.st.stm32cube.ide.mcu.externaltools.gnu-tools-for-stm32.13.3.rel1.win32_1.0.0.202411081344/tools/bin/../lib/gcc/arm-none-eabi/13.3.1/thumb/v7e-m+fp/hard/crtbegin.o

.data           0x20000000        0x4 load address 0x08000ec8
                0x20000000                        . = ALIGN (0x4)
                0x20000000                        _sdata = .
 *(.data)
 *(.data*)
 .data.h        0x20000000        0x1 ./Src/main_spi.o
                0x20000000                h
 *(.RamFunc)
 *(.RamFunc*)
                0x20000004                        . = ALIGN (0x4)
 *fill*         0x20000001        0x3 
                0x20000004                        _edata = .
                0x08000ecc                        _sisram2 = LOADADDR (.sram2)

.igot.plt       0x20000004        0x0 load address 0x08000ecc
 .igot.plt      0x20000004        0x0 C:/ST/STM32CubeIDE_1.19.0/STM32CubeIDE/plugins/com.st.stm32cube.ide.mcu.externaltools.gnu-tools-for-stm32.13.3.rel1.win32_1.0.0.202411081344/tools/bin/../lib/gcc/arm-none-eabi/13.3.1/thumb/v7e-m+fp/hard/crtbegin.o

.sram2          0x10000000        0x0 load address 0x08000ecc
                0x10000000                        . = ALIGN (0x4)
                0x10000000                        _ssram2 = .
 *(.sram2)
 *(.sram2*)
                0x10000000                        . = ALIGN (0x4)
                0x10000000                        _esram2 = .
                0x10000000                        . = ALIGN (0x4)

.bss            0x20000004       0x4c
                0x20000004                        _sbss = .
                0x20000004                        __bss_start__ = _sbss
 *(.bss)
 .bss           0x20000004       0x1c C:/ST/STM32CubeIDE_1.19.0/STM32CubeIDE/plugins/com.st.stm32cube.ide.mcu.externaltools.gnu-tools-for-stm32.13.3.rel1.win32_1.0.0.202411081344/tools/bin/../lib/gcc/arm-none-eabi/13.3.1/thumb/v7e-m+fp/hard/crtbegin.o
 *(.bss*)
 .bss.SPI1Handle
                0x20000020       0x20 ./Src/main_spi.o
                0x20000020                SPI1Handle
 .bss.addr      0x20000040        0x4 ./Src/main_spi.o
                0x20000040                addr
 .bss.id        0x20000044        0x4 ./Src/main_spi.o
                0x20000044                id
 .bss.read_buf  0x20000048        0x7 ./Src/main_spi.o
                0x20000048                read_buf
 *(COMMON)
                0x20000050                        . = ALIGN (0x4)
 *fill*         0x2000004f        0x1 
                0x20000050                        _ebss = .
                0x20000050                        __bss_end__ = _ebss

._user_heap_stack
                0x20000050      0x600
                0x20000050                        . = ALIGN (0x8)
                [!provide]                        PROVIDE (end = .)
                0x20000050                        PROVIDE (_end = .)
                0x20000250                        . = (. + _Min_Heap_Size)
 *fill*         0x20000050      0x200 
                0x20000650                        . = (. + _Min_Stack_Size)
 *fill*         0x20000250      0x400 
                0x20000650                        . = ALIGN (0x8)

/DISCARD/
 libc.a(*)
 libm.a(*)
 libgcc.a(*)

.ARM.attributes
                0x00000000       0x30
 *(.ARM.attributes)
 .ARM.attributes
                0x00000000       0x22 C:/ST/STM32CubeIDE_1.19.0/STM32CubeIDE/plugins/com.st.stm32cube.ide.mcu.externaltools.gnu-tools-for-stm32.13.3.rel1.win32_1.0.0.202411081344/tools/bin/../lib/gcc/arm-none-eabi/13.3.1/thumb/v7e-m+fp/hard/crti.o
 .ARM.attributes
                0x00000022       0x34 C:/ST/STM32CubeIDE_1.19.0/STM32CubeIDE/plugins/com.st.stm32cube.ide.mcu.externaltools.gnu-tools-for-stm32.13.3.rel1.win32_1.0.0.202411081344/tools/bin/../lib/gcc/arm-none-eabi/13.3.1/thumb/v7e-m+fp/hard/crtbegin.o
 .ARM.attributes
                0x00000056       0x34 ./Drivers/Src/stm32l476xx_gpio_drivers.o
 .ARM.attributes
                0x0000008a       0x34 ./Drivers/Src/stm32l476xx_spi.o
 .ARM.attributes
                0x000000be       0x34 ./Src/main_spi.o
 .ARM.attributes
                0x000000f2       0x34 ./Src/w25qxx.o
 .ARM.attributes
                0x00000126       0x21 ./Startup/startup_stm32l476rgtx.o
 .ARM.attributes
                0x00000147       0x34 C:/ST/STM32CubeIDE_1.19.0/STM32CubeIDE/plugins/com.st.stm32cube.ide.mcu.externaltools.gnu-tools-for-stm32.13.3.rel1.win32_1.0.0.202411081344/tools/bin/../lib/gcc/arm-none-eabi/13.3.1/../../../../arm-none-eabi/lib/thumb/v7e-m+fp/hard\libc_nano.a(libc_a-memset.o)
 .ARM.attributes
                0x0000017b       0x34 C:/ST/STM32CubeIDE_1.19.0/STM32CubeIDE/plugins/com.st.stm32cube.ide.mcu.externaltools.gnu-tools-for-stm32.13.3.rel1.win32_1.0.0.202411081344/tools/bin/../lib/gcc/arm-none-eabi/13.3.1/../../../../arm-none-eabi/lib/thumb/v7e-m+fp/hard\libc_nano.a(libc_a-init.o)
 .ARM.attributes
                0x000001af       0x22 C:/ST/STM32CubeIDE_1.19.0/STM32CubeIDE/plugins/com.st.stm32cube.ide.mcu.externaltools.gnu-tools-for-stm32.13.3.rel1.win32_1.0.0.202411081344/tools/bin/../lib/gcc/arm-none-eabi/13.3.1/thumb/v7e-m+fp/hard/crtn.o
OUTPUT(31_SPI_BareMetal.elf elf32-littlearm)
LOAD linker stubs
LOAD C:/ST/STM32CubeIDE_1.19.0/STM32CubeIDE/plugins/com.st.stm32cube.ide.mcu.externaltools.gnu-tools-for-stm32.13.3.rel1.win32_1.0.0.202411081344/tools/bin/../lib/gcc/arm-none-eabi/13.3.1/../../../../arm-none-eabi/lib/thumb/v7e-m+fp/hard\libc.a
LOAD C:/ST/STM32CubeIDE_1.19.0/STM32CubeIDE/plugins/com.st.stm32cube.ide.mcu.externaltools.gnu-tools-for-stm32.13.3.rel1.win32_1.0.0.202411081344/tools/bin/../lib/gcc/arm-none-eabi/13.3.1/../../../../arm-none-eabi/lib/thumb/v7e-m+fp/hard\libm.a
LOAD C:/ST/STM32CubeIDE_1.19.0/STM32CubeIDE/plugins/com.st.stm32cube.ide.mcu.externaltools.gnu-tools-for-stm32.13.3.rel1.win32_1.0.0.202411081344/tools/bin/../lib/gcc/arm-none-eabi/13.3.1/thumb/v7e-m+fp/hard\libgcc.a

.debug_info     0x00000000     0x19f5
 .debug_info    0x00000000      0x7d3 ./Drivers/Src/stm32l476xx_gpio_drivers.o
 .debug_info    0x000007d3      0x7f0 ./Drivers/Src/stm32l476xx_spi.o
 .debug_info    0x00000fc3      0x579 ./Src/main_spi.o
 .debug_info    0x0000153c      0x489 ./Src/w25qxx.o
 .debug_info    0x000019c5       0x30 ./Startup/startup_stm32l476rgtx.o

.debug_abbrev   0x00000000      0x6d8
 .debug_abbrev  0x00000000      0x14b ./Drivers/Src/stm32l476xx_gpio_drivers.o
 .debug_abbrev  0x0000014b      0x1cb ./Drivers/Src/stm32l476xx_spi.o
 .debug_abbrev  0x00000316      0x1f1 ./Src/main_spi.o
 .debug_abbrev  0x00000507      0x1ad ./Src/w25qxx.o
 .debug_abbrev  0x000006b4       0x24 ./Startup/startup_stm32l476rgtx.o

.debug_aranges  0x00000000      0x1c0
 .debug_aranges
                0x00000000       0x70 ./Drivers/Src/stm32l476xx_gpio_drivers.o
 .debug_aranges
                0x00000070       0x88 ./Drivers/Src/stm32l476xx_spi.o
 .debug_aranges
                0x000000f8       0x38 ./Src/main_spi.o
 .debug_aranges
                0x00000130       0x68 ./Src/w25qxx.o
 .debug_aranges
                0x00000198       0x28 ./Startup/startup_stm32l476rgtx.o

.debug_rnglists
                0x00000000      0x143
 .debug_rnglists
                0x00000000       0x54 ./Drivers/Src/stm32l476xx_gpio_drivers.o
 .debug_rnglists
                0x00000054       0x66 ./Drivers/Src/stm32l476xx_spi.o
 .debug_rnglists
                0x000000ba       0x26 ./Src/main_spi.o
 .debug_rnglists
                0x000000e0       0x4a ./Src/w25qxx.o
 .debug_rnglists
                0x0000012a       0x19 ./Startup/startup_stm32l476rgtx.o

.debug_macro    0x00000000     0x29e9
 .debug_macro   0x00000000      0x15c ./Drivers/Src/stm32l476xx_gpio_drivers.o
 .debug_macro   0x0000015c      0xade ./Drivers/Src/stm32l476xx_gpio_drivers.o
 .debug_macro   0x00000c3a      0x190 ./Drivers/Src/stm32l476xx_gpio_drivers.o
 .debug_macro   0x00000dca       0x22 ./Drivers/Src/stm32l476xx_gpio_drivers.o
 .debug_macro   0x00000dec       0x5b ./Drivers/Src/stm32l476xx_gpio_drivers.o
 .debug_macro   0x00000e47       0x2a ./Drivers/Src/stm32l476xx_gpio_drivers.o
 .debug_macro   0x00000e71       0x94 ./Drivers/Src/stm32l476xx_gpio_drivers.o
 .debug_macro   0x00000f05       0x43 ./Drivers/Src/stm32l476xx_gpio_drivers.o
 .debug_macro   0x00000f48       0x34 ./Drivers/Src/stm32l476xx_gpio_drivers.o
 .debug_macro   0x00000f7c       0x16 ./Drivers/Src/stm32l476xx_gpio_drivers.o
 .debug_macro   0x00000f92       0x57 ./Drivers/Src/stm32l476xx_gpio_drivers.o
 .debug_macro   0x00000fe9       0x3c ./Drivers/Src/stm32l476xx_gpio_drivers.o
 .debug_macro   0x00001025      0x370 ./Drivers/Src/stm32l476xx_gpio_drivers.o
 .debug_macro   0x00001395       0x10 ./Drivers/Src/stm32l476xx_gpio_drivers.o
 .debug_macro   0x000013a5       0x16 ./Drivers/Src/stm32l476xx_gpio_drivers.o
 .debug_macro   0x000013bb       0x4a ./Drivers/Src/stm32l476xx_gpio_drivers.o
 .debug_macro   0x00001405       0x34 ./Drivers/Src/stm32l476xx_gpio_drivers.o
 .debug_macro   0x00001439       0x10 ./Drivers/Src/stm32l476xx_gpio_drivers.o
 .debug_macro   0x00001449       0x58 ./Drivers/Src/stm32l476xx_gpio_drivers.o
 .debug_macro   0x000014a1       0x8e ./Drivers/Src/stm32l476xx_gpio_drivers.o
 .debug_macro   0x0000152f       0x1c ./Drivers/Src/stm32l476xx_gpio_drivers.o
 .debug_macro   0x0000154b      0x185 ./Drivers/Src/stm32l476xx_gpio_drivers.o
 .debug_macro   0x000016d0       0x16 ./Drivers/Src/stm32l476xx_gpio_drivers.o
 .debug_macro   0x000016e6       0x16 ./Drivers/Src/stm32l476xx_gpio_drivers.o
 .debug_macro   0x000016fc      0x146 ./Drivers/Src/stm32l476xx_gpio_drivers.o
 .debug_macro   0x00001842      0x103 ./Drivers/Src/stm32l476xx_gpio_drivers.o
 .debug_macro   0x00001945       0x6a ./Drivers/Src/stm32l476xx_gpio_drivers.o
 .debug_macro   0x000019af      0x1df ./Drivers/Src/stm32l476xx_gpio_drivers.o
 .debug_macro   0x00001b8e      0x705 ./Drivers/Src/stm32l476xx_gpio_drivers.o
 .debug_macro   0x00002293       0x6a ./Drivers/Src/stm32l476xx_gpio_drivers.o
 .debug_macro   0x000022fd      0x15c ./Drivers/Src/stm32l476xx_spi.o
 .debug_macro   0x00002459       0xac ./Drivers/Src/stm32l476xx_spi.o
 .debug_macro   0x00002505      0x1ac ./Src/main_spi.o
 .debug_macro   0x000026b1       0xb2 ./Src/main_spi.o
 .debug_macro   0x00002763       0x2e ./Src/main_spi.o
 .debug_macro   0x00002791       0x16 ./Src/main_spi.o
 .debug_macro   0x000027a7       0x20 ./Src/main_spi.o
 .debug_macro   0x000027c7      0x18a ./Src/w25qxx.o
 .debug_macro   0x00002951       0x28 ./Src/w25qxx.o
 .debug_macro   0x00002979       0x70 ./Src/w25qxx.o

.debug_line     0x00000000     0x2566
 .debug_line    0x00000000      0xae9 ./Drivers/Src/stm32l476xx_gpio_drivers.o
 .debug_line    0x00000ae9      0xb0e ./Drivers/Src/stm32l476xx_spi.o
 .debug_line    0x000015f7      0x71a ./Src/main_spi.o
 .debug_line    0x00001d11      0x7da ./Src/w25qxx.o
 .debug_line    0x000024eb       0x7b ./Startup/startup_stm32l476rgtx.o

.debug_str      0x00000000     0xa37f
 .debug_str     0x00000000     0xa37f ./Drivers/Src/stm32l476xx_gpio_drivers.o
                               0x9e5a (size before relaxing)
 .debug_str     0x0000a37f     0x9f00 ./Drivers/Src/stm32l476xx_spi.o
 .debug_str     0x0000a37f     0xa049 ./Src/main_spi.o
 .debug_str     0x0000a37f     0x9f65 ./Src/w25qxx.o
 .debug_str     0x0000a37f       0x94 ./Startup/startup_stm32l476rgtx.o

.comment        0x00000000       0x43
 .comment       0x00000000       0x43 ./Drivers/Src/stm32l476xx_gpio_drivers.o
                                 0x44 (size before relaxing)
 .comment       0x00000043       0x44 ./Drivers/Src/stm32l476xx_spi.o
 .comment       0x00000043       0x44 ./Src/main_spi.o
 .comment       0x00000043       0x44 ./Src/w25qxx.o

.debug_frame    0x00000000      0x648
 .debug_frame   0x00000000      0x1c8 ./Drivers/Src/stm32l476xx_gpio_drivers.o
 .debug_frame   0x000001c8      0x238 ./Drivers/Src/stm32l476xx_spi.o
 .debug_frame   0x00000400       0x94 ./Src/main_spi.o
 .debug_frame   0x00000494      0x168 ./Src/w25qxx.o
 .debug_frame   0x000005fc       0x20 C:/ST/STM32CubeIDE_1.19.0/STM32CubeIDE/plugins/com.st.stm32cube.ide.mcu.externaltools.gnu-tools-for-stm32.13.3.rel1.win32_1.0.0.202411081344/tools/bin/../lib/gcc/arm-none-eabi/13.3.1/../../../../arm-none-eabi/lib/thumb/v7e-m+fp/hard\libc_nano.a(libc_a-memset.o)
 .debug_frame   0x0000061c       0x2c C:/ST/STM32CubeIDE_1.19.0/STM32CubeIDE/plugins/com.st.stm32cube.ide.mcu.externaltools.gnu-tools-for-stm32.13.3.rel1.win32_1.0.0.202411081344/tools/bin/../lib/gcc/arm-none-eabi/13.3.1/../../../../arm-none-eabi/lib/thumb/v7e-m+fp/hard\libc_nano.a(libc_a-init.o)

.debug_line_str
                0x00000000       0x78
 .debug_line_str
                0x00000000       0x78 ./Startup/startup_stm32l476rgtx.o
