../Core/Src/w25q32f.c:13:6:cs_low	8	static
../Core/Src/w25q32f.c:18:6:cs_high	8	static
../Core/Src/w25q32f.c:24:6:spi_write	16	static
../Core/Src/w25q32f.c:30:6:spi_read	16	static
../Core/Src/w25q32f.c:35:6:w25q_reset	16	static
../Core/Src/w25q32f.c:48:6:write_enable	16	static
../Core/Src/w25q32f.c:57:6:write_disable	16	static
../Core/Src/w25q32f.c:66:10:w25q_readID	16	static
../Core/Src/w25q32f.c:81:9:w25q_read_status	16	static
../Core/Src/w25q32f.c:94:6:w25q_read	32	static
../Core/Src/w25q32f.c:111:6:w25q_write	32	static
../Core/Src/w25q32f.c:133:6:w25q_erase_sector	24	static
