../Core/Src/main.c:82:6:vTask1_menu_display	16	static
../Core/Src/main.c:89:6:vTask2_cmd_handling	16	static
../Core/Src/main.c:96:6:vTask3_cmd_processing	16	static
../Core/Src/main.c:103:6:vTask4_uart_write	16	static
../Core/Src/main.c:117:5:main	80	static
../Core/Src/main.c:289:6:SystemClock_Config	96	static
../Core/Src/main.c:334:13:MX_USART2_UART_Init	8	static
../Core/Src/main.c:369:13:MX_GPIO_Init	40	static
../Core/Src/main.c:412:6:StartDefaultTask	16	static
../Core/Src/main.c:427:6:Error_Handler	4	static,ignoring_inline_asm
