Archive member included to satisfy reference by file (symbol)

C:/ST/STM32CubeIDE_1.19.0/STM32CubeIDE/plugins/com.st.stm32cube.ide.mcu.externaltools.gnu-tools-for-stm32.13.3.rel1.win32_1.0.0.202411081344/tools/bin/../lib/gcc/arm-none-eabi/13.3.1/../../../../arm-none-eabi/lib/thumb/v7e-m+fp/hard\libc_nano.a(libc_a-exit.o)
                              C:/ST/STM32CubeIDE_1.19.0/STM32CubeIDE/plugins/com.st.stm32cube.ide.mcu.externaltools.gnu-tools-for-stm32.13.3.rel1.win32_1.0.0.202411081344/tools/bin/../lib/gcc/arm-none-eabi/13.3.1/../../../../arm-none-eabi/lib/thumb/v7e-m+fp/hard/crt0.o (exit)
C:/ST/STM32CubeIDE_1.19.0/STM32CubeIDE/plugins/com.st.stm32cube.ide.mcu.externaltools.gnu-tools-for-stm32.13.3.rel1.win32_1.0.0.202411081344/tools/bin/../lib/gcc/arm-none-eabi/13.3.1/../../../../arm-none-eabi/lib/thumb/v7e-m+fp/hard\libc_nano.a(libc_a-findfp.o)
                              C:/ST/STM32CubeIDE_1.19.0/STM32CubeIDE/plugins/com.st.stm32cube.ide.mcu.externaltools.gnu-tools-for-stm32.13.3.rel1.win32_1.0.0.202411081344/tools/bin/../lib/gcc/arm-none-eabi/13.3.1/../../../../arm-none-eabi/lib/thumb/v7e-m+fp/hard\libc_nano.a(libc_a-exit.o) (__stdio_exit_handler)
C:/ST/STM32CubeIDE_1.19.0/STM32CubeIDE/plugins/com.st.stm32cube.ide.mcu.externaltools.gnu-tools-for-stm32.13.3.rel1.win32_1.0.0.202411081344/tools/bin/../lib/gcc/arm-none-eabi/13.3.1/../../../../arm-none-eabi/lib/thumb/v7e-m+fp/hard\libc_nano.a(libc_a-fwalk.o)
                              C:/ST/STM32CubeIDE_1.19.0/STM32CubeIDE/plugins/com.st.stm32cube.ide.mcu.externaltools.gnu-tools-for-stm32.13.3.rel1.win32_1.0.0.202411081344/tools/bin/../lib/gcc/arm-none-eabi/13.3.1/../../../../arm-none-eabi/lib/thumb/v7e-m+fp/hard\libc_nano.a(libc_a-findfp.o) (_fwalk_sglue)
C:/ST/STM32CubeIDE_1.19.0/STM32CubeIDE/plugins/com.st.stm32cube.ide.mcu.externaltools.gnu-tools-for-stm32.13.3.rel1.win32_1.0.0.202411081344/tools/bin/../lib/gcc/arm-none-eabi/13.3.1/../../../../arm-none-eabi/lib/thumb/v7e-m+fp/hard\libc_nano.a(libc_a-stdio.o)
                              C:/ST/STM32CubeIDE_1.19.0/STM32CubeIDE/plugins/com.st.stm32cube.ide.mcu.externaltools.gnu-tools-for-stm32.13.3.rel1.win32_1.0.0.202411081344/tools/bin/../lib/gcc/arm-none-eabi/13.3.1/../../../../arm-none-eabi/lib/thumb/v7e-m+fp/hard\libc_nano.a(libc_a-findfp.o) (__sread)
C:/ST/STM32CubeIDE_1.19.0/STM32CubeIDE/plugins/com.st.stm32cube.ide.mcu.externaltools.gnu-tools-for-stm32.13.3.rel1.win32_1.0.0.202411081344/tools/bin/../lib/gcc/arm-none-eabi/13.3.1/../../../../arm-none-eabi/lib/thumb/v7e-m+fp/hard\libc_nano.a(libc_a-memset.o)
                              C:/ST/STM32CubeIDE_1.19.0/STM32CubeIDE/plugins/com.st.stm32cube.ide.mcu.externaltools.gnu-tools-for-stm32.13.3.rel1.win32_1.0.0.202411081344/tools/bin/../lib/gcc/arm-none-eabi/13.3.1/../../../../arm-none-eabi/lib/thumb/v7e-m+fp/hard/crt0.o (memset)
C:/ST/STM32CubeIDE_1.19.0/STM32CubeIDE/plugins/com.st.stm32cube.ide.mcu.externaltools.gnu-tools-for-stm32.13.3.rel1.win32_1.0.0.202411081344/tools/bin/../lib/gcc/arm-none-eabi/13.3.1/../../../../arm-none-eabi/lib/thumb/v7e-m+fp/hard\libc_nano.a(libc_a-closer.o)
                              C:/ST/STM32CubeIDE_1.19.0/STM32CubeIDE/plugins/com.st.stm32cube.ide.mcu.externaltools.gnu-tools-for-stm32.13.3.rel1.win32_1.0.0.202411081344/tools/bin/../lib/gcc/arm-none-eabi/13.3.1/../../../../arm-none-eabi/lib/thumb/v7e-m+fp/hard\libc_nano.a(libc_a-stdio.o) (_close_r)
C:/ST/STM32CubeIDE_1.19.0/STM32CubeIDE/plugins/com.st.stm32cube.ide.mcu.externaltools.gnu-tools-for-stm32.13.3.rel1.win32_1.0.0.202411081344/tools/bin/../lib/gcc/arm-none-eabi/13.3.1/../../../../arm-none-eabi/lib/thumb/v7e-m+fp/hard\libc_nano.a(libc_a-reent.o)
                              C:/ST/STM32CubeIDE_1.19.0/STM32CubeIDE/plugins/com.st.stm32cube.ide.mcu.externaltools.gnu-tools-for-stm32.13.3.rel1.win32_1.0.0.202411081344/tools/bin/../lib/gcc/arm-none-eabi/13.3.1/../../../../arm-none-eabi/lib/thumb/v7e-m+fp/hard\libc_nano.a(libc_a-closer.o) (errno)
C:/ST/STM32CubeIDE_1.19.0/STM32CubeIDE/plugins/com.st.stm32cube.ide.mcu.externaltools.gnu-tools-for-stm32.13.3.rel1.win32_1.0.0.202411081344/tools/bin/../lib/gcc/arm-none-eabi/13.3.1/../../../../arm-none-eabi/lib/thumb/v7e-m+fp/hard\libc_nano.a(libc_a-impure.o)
                              C:/ST/STM32CubeIDE_1.19.0/STM32CubeIDE/plugins/com.st.stm32cube.ide.mcu.externaltools.gnu-tools-for-stm32.13.3.rel1.win32_1.0.0.202411081344/tools/bin/../lib/gcc/arm-none-eabi/13.3.1/../../../../arm-none-eabi/lib/thumb/v7e-m+fp/hard\libc_nano.a(libc_a-reent.o) (_impure_ptr)
C:/ST/STM32CubeIDE_1.19.0/STM32CubeIDE/plugins/com.st.stm32cube.ide.mcu.externaltools.gnu-tools-for-stm32.13.3.rel1.win32_1.0.0.202411081344/tools/bin/../lib/gcc/arm-none-eabi/13.3.1/../../../../arm-none-eabi/lib/thumb/v7e-m+fp/hard\libc_nano.a(libc_a-lseekr.o)
[...]
Memory Configuration

Name             Origin             Length             Attributes
RAM              0x20000000         0x00018000         xrw
SRAM2            0x10000000         0x00008000         xrw
FLASH            0x08000000         0x00100000         xr
*default*        0x00000000         0xffffffff

Linker script and memory map

LOAD C:/ST/STM32CubeIDE_1.19.0/STM32CubeIDE/plugins/com.st.stm32cube.ide.mcu.externaltools.gnu-tools-for-stm32.13.3.rel1.win32_1.0.0.202411081344/tools/bin/../lib/gcc/arm-none-eabi/13.3.1/thumb/v7e-m+fp/hard/crti.o
LOAD C:/ST/STM32CubeIDE_1.19.0/STM32CubeIDE/plugins/com.st.stm32cube.ide.mcu.externaltools.gnu-tools-for-stm32.13.3.rel1.win32_1.0.0.202411081344/tools/bin/../lib/gcc/arm-none-eabi/13.3.1/thumb/v7e-m+fp/hard/crtbegin.o
LOAD C:/ST/STM32CubeIDE_1.19.0/STM32CubeIDE/plugins/com.st.stm32cube.ide.mcu.externaltools.gnu-tools-for-stm32.13.3.rel1.win32_1.0.0.202411081344/tools/bin/../lib/gcc/arm-none-eabi/13.3.1/../../../../arm-none-eabi/lib/thumb/v7e-m+fp/hard/crt0.o
LOAD ./Drivers/Src/stm32l476xx_gpio_drivers.o
LOAD ./Drivers/Src/stm32l476xx_rcc_driver.o
LOAD ./Src/delay.o
LOAD ./Src/main.o
LOAD ./Src/syscalls.o
LOAD ./Src/sysmem.o
LOAD ./Startup/startup_stm32l476rgtx.o
START GROUP
LOAD C:/ST/STM32CubeIDE_1.19.0/STM32CubeIDE/plugins/com.st.stm32cube.ide.mcu.externaltools.gnu-tools-for-stm32.13.3.rel1.win32_1.0.0.202411081344/tools/bin/../lib/gcc/arm-none-eabi/13.3.1/../../../../arm-none-eabi/lib/thumb/v7e-m+fp/hard\libc_nano.a
LOAD C:/ST/STM32CubeIDE_1.19.0/STM32CubeIDE/plugins/com.st.stm32cube.ide.mcu.externaltools.gnu-tools-for-stm32.13.3.rel1.win32_1.0.0.202411081344/tools/bin/../lib/gcc/arm-none-eabi/13.3.1/../../../../arm-none-eabi/lib/thumb/v7e-m+fp/hard\libm.a
END GROUP
START GROUP
LOAD C:/ST/STM32CubeIDE_1.19.0/STM32CubeIDE/plugins/com.st.stm32cube.ide.mcu.externaltools.gnu-tools-for-stm32.13.3.rel1.win32_1.0.0.202411081344/tools/bin/../lib/gcc/arm-none-eabi/13.3.1/thumb/v7e-m+fp/hard\libgcc.a
LOAD C:/ST/STM32CubeIDE_1.19.0/STM32CubeIDE/plugins/com.st.stm32cube.ide.mcu.externaltools.gnu-tools-for-stm32.13.3.rel1.win32_1.0.0.202411081344/tools/bin/../lib/gcc/arm-none-eabi/13.3.1/../../../../arm-none-eabi/lib/thumb/v7e-m+fp/hard\libc_nano.a
END GROUP
START GROUP
LOAD C:/ST/STM32CubeIDE_1.19.0/STM32CubeIDE/plugins/com.st.stm32cube.ide.mcu.externaltools.gnu-tools-for-stm32.13.3.rel1.win32_1.0.0.202411081344/tools/bin/../lib/gcc/arm-none-eabi/13.3.1/thumb/v7e-m+fp/hard\libgcc.a
LOAD C:/ST/STM32CubeIDE_1.19.0/STM32CubeIDE/plugins/com.st.stm32cube.ide.mcu.externaltools.gnu-tools-for-stm32.13.3.rel1.win32_1.0.0.202411081344/tools/bin/../lib/gcc/arm-none-eabi/13.3.1/../../../../arm-none-eabi/lib/thumb/v7e-m+fp/hard\libc_nano.a
LOAD C:/ST/STM32CubeIDE_1.19.0/STM32CubeIDE/plugins/com.st.stm32cube.ide.mcu.externaltools.gnu-tools-for-stm32.13.3.rel1.win32_1.0.0.202411081344/tools/bin/../lib/gcc/arm-none-eabi/13.3.1/../../../../arm-none-eabi/lib/thumb/v7e-m+fp/hard\libnosys.a
END GROUP
START GROUP
LOAD C:/ST/STM32CubeIDE_1.19.0/STM32CubeIDE/plugins/com.st.stm32cube.ide.mcu.externaltools.gnu-tools-for-stm32.13.3.rel1.win32_1.0.0.202411081344/tools/bin/../lib/gcc/arm-none-eabi/13.3.1/thumb/v7e-m+fp/hard\libgcc.a
LOAD C:/ST/STM32CubeIDE_1.19.0/STM32CubeIDE/plugins/com.st.stm32cube.ide.mcu.externaltools.gnu-tools-for-stm32.13.3.rel1.win32_1.0.0.202411081344/tools/bin/../lib/gcc/arm-none-eabi/13.3.1/../../../../arm-none-eabi/lib/thumb/v7e-m+fp/hard\libc_nano.a
LOAD C:/ST/STM32CubeIDE_1.19.0/STM32CubeIDE/plugins/com.st.stm32cube.ide.mcu.externaltools.gnu-tools-for-stm32.13.3.rel1.win32_1.0.0.202411081344/tools/bin/../lib/gcc/arm-none-eabi/13.3.1/../../../../arm-none-eabi/lib/thumb/v7e-m+fp/hard\libnosys.a
END GROUP
LOAD C:/ST/STM32CubeIDE_1.19.0/STM32CubeIDE/plugins/com.st.stm32cube.ide.mcu.externaltools.gnu-tools-for-stm32.13.3.rel1.win32_1.0.0.202411081344/tools/bin/../lib/gcc/arm-none-eabi/13.3.1/thumb/v7e-m+fp/hard/crtend.o
LOAD C:/ST/STM32CubeIDE_1.19.0/STM32CubeIDE/plugins/com.st.stm32cube.ide.mcu.externaltools.gnu-tools-for-stm32.13.3.rel1.win32_1.0.0.202411081344/tools/bin/../lib/gcc/arm-none-eabi/13.3.1/thumb/v7e-m+fp/hard/crtn.o
                0x20018000                        _estack = (ORIGIN (RAM) + LENGTH (RAM))
                0x00000200                        _Min_Heap_Size = 0x200
                0x00000400                        _Min_Stack_Size = 0x400

.isr_vector     0x08000000      0x18c
                0x08000000                        . = ALIGN (0x4)
 *(.isr_vector)
 .isr_vector    0x08000000      0x18c ./Startup/startup_stm32l476rgtx.o
                0x08000000                g_pfnVectors
                0x0800018c                        . = ALIGN (0x4)

.text           0x0800018c      0x6e8
                0x0800018c                        . = ALIGN (0x4)
 *(.text)
 .text          0x0800018c       0x40 C:/ST/STM32CubeIDE_1.19.0/STM32CubeIDE/plugins/com.st.stm32cube.ide.mcu.externaltools.gnu-tools-for-stm32.13.3.rel1.win32_1.0.0.202411081344/tools/bin/../lib/gcc/arm-none-eabi/13.3.1/thumb/v7e-m+fp/hard/crtbegin.o
 *(.text*)
 .text.GPIO_PeriClockControl
                0x080001cc      0x19c ./Drivers/Src/stm32l476xx_gpio_drivers.o
                0x080001cc                GPIO_PeriClockControl
 .text.GPIO_Init
                0x08000368      0x370 ./Drivers/Src/stm32l476xx_gpio_drivers.o
                0x08000368                GPIO_Init
 .text.GPIO_WriteToOutputPin
                0x080006d8       0x42 ./Drivers/Src/stm32l476xx_gpio_drivers.o
                0x080006d8                GPIO_WriteToOutputPin
 .text.delay_us
                0x0800071a       0x36 ./Src/delay.o
                0x0800071a                delay_us
 .text.GPIO_Inits
                0x08000750       0x44 ./Src/main.o
                0x08000750                GPIO_Inits
 .text.main     0x08000794       0x2c ./Src/main.o
                0x08000794                main
 .text.Reset_Handler
                0x080007c0       0x50 ./Startup/startup_stm32l476rgtx.o
                0x080007c0                Reset_Handler
 .text.Default_Handler
                0x08000810        0x2 ./Startup/startup_stm32l476rgtx.o
                0x08000810                EXTI2_IRQHandler
                0x08000810                TIM8_TRG_COM_IRQHandler
                0x08000810                TIM8_CC_IRQHandler
                0x08000810                DebugMon_Handler
                0x08000810                DMA1_CH4_IRQHandler
                0x08000810                TIM1_CC_IRQHandler
                0x08000810                TSC_IRQHandler
                0x08000810                HardFault_Handler
                0x08000810                SysTick_Handler
                0x08000810                TAMP_STAMP_IRQHandler
                0x08000810                PendSV_Handler
                0x08000810                NMI_Handler
                0x08000810                EXTI3_IRQHandler
                0x08000810                LPTIM2_IRQHandler
                0x08000810                DFSDM1_FLT1_IRQHandler
                0x08000810                I2C3_ER_IRQHandler
                0x08000810                DFSDM1_FLT2_IRQHandler
                0x08000810                TIM6_DACUNDER_IRQHandler
                0x08000810                EXTI0_IRQHandler
                0x08000810                I2C2_EV_IRQHandler
                0x08000810                DMA2_CH1_IRQHandler
                0x08000810                CAN1_RX0_IRQHandler
                0x08000810                FPU_IRQHandler
                0x08000810                TIM1_UP_TIM16_IRQHandler
                0x08000810                DMA2_CH7_IRQHandler
                0x08000810                UsageFault_Handler
                0x08000810                ADC1_2_IRQHandler
                0x08000810                SPI1_IRQHandler
                0x08000810                DMA1_CH7_IRQHandler
                0x08000810                TIM8_UP_IRQHandler
                0x08000810                RTC_ALARM_IRQHandler
                0x08000810                SAI2_IRQHandler
                0x08000810                DFSDM1_FLT3_IRQHandler
                0x08000810                DMA1_CH6_IRQHandler
                0x08000810                USART3_IRQHandler
                0x08000810                CAN1_RX1_IRQHandler
                0x08000810                LCD_IRQHandler
                0x08000810                UART5_IRQHandler
                0x08000810                ADC3_IRQHandler
                0x08000810                TIM4_IRQHandler
                0x08000810                QUADSPI_IRQHandler
                0x08000810                I2C1_EV_IRQHandler
                0x08000810                DMA2_CH5_IRQHandler
                0x08000810                UART4_IRQHandler
                0x08000810                DMA1_CH3_IRQHandler
                0x08000810                TIM3_IRQHandler
                0x08000810                RCC_IRQHandler
                0x08000810                Default_Handler
                0x08000810                EXTI15_10_IRQHandler
                0x08000810                TIM7_IRQHandler
                0x08000810                SDMMC1_IRQHandler
                0x08000810                TIM5_IRQHandler
                0x08000810                I2C3_EV_IRQHandler
                0x08000810                EXTI9_5_IRQHandler
                0x08000810                DMA1_CH2_IRQHandler
                0x08000810                RTC_WKUP_IRQHandler
                0x08000810                PVD_PVM_IRQHandler
                0x08000810                SPI2_IRQHandler
                0x08000810                DMA1_CH1_IRQHandler
                0x08000810                MemManage_Handler
                0x08000810                CAN1_TX_IRQHandler
                0x08000810                SVC_Handler
                0x08000810                CRS_IRQHandler
                0x08000810                EXTI4_IRQHandler
                0x08000810                RNG_IRQHandler
                0x08000810                TIM1_TRG_COM_TIM17_IRQHandler
                0x08000810                COMP_IRQHandler
                0x08000810                WWDG_IRQHandler
                0x08000810                LPUART1_IRQHandler
                0x08000810                TIM2_IRQHandler
                0x08000810                EXTI1_IRQHandler
                0x08000810                USART2_IRQHandler
                0x08000810                DFSDM1_FLT0_IRQHandler
                0x08000810                I2C2_ER_IRQHandler
                0x08000810                TIM8_BRK_IRQHandler
                0x08000810                CAN1_SCE_IRQHandler
                0x08000810                FLASH_IRQHandler
                0x08000810                BusFault_Handler
                0x08000810                USART1_IRQHandler
                0x08000810                OTG_FS_IRQHandler
                0x08000810                SPI3_IRQHandler
                0x08000810                DMA2_CH6_IRQHandler
                0x08000810                DMA2_CH3_IRQHandler
                0x08000810                DMA2_CH2_IRQHandler
                0x08000810                I2C1_ER_IRQHandler
                0x08000810                FMC_IRQHandler
                0x08000810                DMA1_CH5_IRQHandler
                0x08000810                DMA2_CH4_IRQHandler
                0x08000810                SWPMI1_IRQHandler
                0x08000810                LPTIM1_IRQHandler
                0x08000810                SAI1_IRQHandler
                0x08000810                TIM1_BRK_TIM15_IRQHandler
 *fill*         0x08000812        0x2 
 .text.__libc_init_array
                0x08000814       0x48 C:/ST/STM32CubeIDE_1.19.0/STM32CubeIDE/plugins/com.st.stm32cube.ide.mcu.externaltools.gnu-tools-for-stm32.13.3.rel1.win32_1.0.0.202411081344/tools/bin/../lib/gcc/arm-none-eabi/13.3.1/../../../../arm-none-eabi/lib/thumb/v7e-m+fp/hard\libc_nano.a(libc_a-init.o)
                0x08000814                __libc_init_array
 *(.glue_7)
 .glue_7        0x0800085c        0x0 linker stubs
 *(.glue_7t)
 .glue_7t       0x0800085c        0x0 linker stubs
 *(.eh_frame)
 .eh_frame      0x0800085c        0x0 C:/ST/STM32CubeIDE_1.19.0/STM32CubeIDE/plugins/com.st.stm32cube.ide.mcu.externaltools.gnu-tools-for-stm32.13.3.rel1.win32_1.0.0.202411081344/tools/bin/../lib/gcc/arm-none-eabi/13.3.1/thumb/v7e-m+fp/hard/crtbegin.o
 *(.init)
 .init          0x0800085c        0x4 C:/ST/STM32CubeIDE_1.19.0/STM32CubeIDE/plugins/com.st.stm32cube.ide.mcu.externaltools.gnu-tools-for-stm32.13.3.rel1.win32_1.0.0.202411081344/tools/bin/../lib/gcc/arm-none-eabi/13.3.1/thumb/v7e-m+fp/hard/crti.o
                0x0800085c                _init
 .init          0x08000860        0x8 C:/ST/STM32CubeIDE_1.19.0/STM32CubeIDE/plugins/com.st.stm32cube.ide.mcu.externaltools.gnu-tools-for-stm32.13.3.rel1.win32_1.0.0.202411081344/tools/bin/../lib/gcc/arm-none-eabi/13.3.1/thumb/v7e-m+fp/hard/crtn.o
 *(.fini)
 .fini          0x08000868        0x4 C:/ST/STM32CubeIDE_1.19.0/STM32CubeIDE/plugins/com.st.stm32cube.ide.mcu.externaltools.gnu-tools-for-stm32.13.3.rel1.win32_1.0.0.202411081344/tools/bin/../lib/gcc/arm-none-eabi/13.3.1/thumb/v7e-m+fp/hard/crti.o
                0x08000868                _fini
 .fini          0x0800086c        0x8 C:/ST/STM32CubeIDE_1.19.0/STM32CubeIDE/plugins/com.st.stm32cube.ide.mcu.externaltools.gnu-tools-for-stm32.13.3.rel1.win32_1.0.0.202411081344/tools/bin/../lib/gcc/arm-none-eabi/13.3.1/thumb/v7e-m+fp/hard/crtn.o
                0x08000874                        . = ALIGN (0x4)
                0x08000874                        _etext = .

.vfp11_veneer   0x08000874        0x0
 .vfp11_veneer  0x08000874        0x0 linker stubs

.v4_bx          0x08000874        0x0
 .v4_bx         0x08000874        0x0 linker stubs

.iplt           0x08000874        0x0
 .iplt          0x08000874        0x0 C:/ST/STM32CubeIDE_1.19.0/STM32CubeIDE/plugins/com.st.stm32cube.ide.mcu.externaltools.gnu-tools-for-stm32.13.3.rel1.win32_1.0.0.202411081344/tools/bin/../lib/gcc/arm-none-eabi/13.3.1/thumb/v7e-m+fp/hard/crtbegin.o

.rodata         0x08000874        0x0
                0x08000874                        . = ALIGN (0x4)
 *(.rodata)
 *(.rodata*)
                0x08000874                        . = ALIGN (0x4)

.ARM.extab      0x08000874        0x0
                0x08000874                        . = ALIGN (0x4)
 *(.ARM.extab* .gnu.linkonce.armextab.*)
                0x08000874                        . = ALIGN (0x4)

.ARM            0x08000874        0x0
                0x08000874                        . = ALIGN (0x4)
                0x08000874                        __exidx_start = .
 *(.ARM.exidx*)
                0x08000874                        __exidx_end = .
                0x08000874                        . = ALIGN (0x4)

.preinit_array  0x08000874        0x0
                0x08000874                        . = ALIGN (0x4)
                0x08000874                        PROVIDE (__preinit_array_start = .)
 *(.preinit_array*)
                0x08000874                        PROVIDE (__preinit_array_end = .)
                0x08000874                        . = ALIGN (0x4)

.init_array     0x08000874        0x4
                0x08000874                        . = ALIGN (0x4)
                0x08000874                        PROVIDE (__init_array_start = .)
 *(SORT_BY_NAME(.init_array.*))
 *(.init_array*)
 .init_array    0x08000874        0x4 C:/ST/STM32CubeIDE_1.19.0/STM32CubeIDE/plugins/com.st.stm32cube.ide.mcu.externaltools.gnu-tools-for-stm32.13.3.rel1.win32_1.0.0.202411081344/tools/bin/../lib/gcc/arm-none-eabi/13.3.1/thumb/v7e-m+fp/hard/crtbegin.o
                0x08000878                        PROVIDE (__init_array_end = .)
                0x08000878                        . = ALIGN (0x4)

.fini_array     0x08000878        0x4
                0x08000878                        . = ALIGN (0x4)
                [!provide]                        PROVIDE (__fini_array_start = .)
 *(SORT_BY_NAME(.fini_array.*))
 *(.fini_array*)
 .fini_array    0x08000878        0x4 C:/ST/STM32CubeIDE_1.19.0/STM32CubeIDE/plugins/com.st.stm32cube.ide.mcu.externaltools.gnu-tools-for-stm32.13.3.rel1.win32_1.0.0.202411081344/tools/bin/../lib/gcc/arm-none-eabi/13.3.1/thumb/v7e-m+fp/hard/crtbegin.o
                [!provide]                        PROVIDE (__fini_array_end = .)
                0x0800087c                        . = ALIGN (0x4)
                0x0800087c                        _sidata = LOADADDR (.data)

.rel.dyn        0x0800087c        0x0
 .rel.iplt      0x0800087c        0x0 C:/ST/STM32CubeIDE_1.19.0/STM32CubeIDE/plugins/com.st.stm32cube.ide.mcu.externaltools.gnu-tools-for-stm32.13.3.rel1.win32_1.0.0.202411081344/tools/bin/../lib/gcc/arm-none-eabi/13.3.1/thumb/v7e-m+fp/hard/crtbegin.o

.data           0x20000000        0x0 load address 0x0800087c
                0x20000000                        . = ALIGN (0x4)
                0x20000000                        _sdata = .
 *(.data)
 *(.data*)
 *(.RamFunc)
 *(.RamFunc*)
                0x20000000                        . = ALIGN (0x4)
                0x20000000                        _edata = .
                0x0800087c                        _sisram2 = LOADADDR (.sram2)

.igot.plt       0x20000000        0x0 load address 0x0800087c
 .igot.plt      0x20000000        0x0 C:/ST/STM32CubeIDE_1.19.0/STM32CubeIDE/plugins/com.st.stm32cube.ide.mcu.externaltools.gnu-tools-for-stm32.13.3.rel1.win32_1.0.0.202411081344/tools/bin/../lib/gcc/arm-none-eabi/13.3.1/thumb/v7e-m+fp/hard/crtbegin.o

.sram2          0x10000000        0x0 load address 0x0800087c
                0x10000000                        . = ALIGN (0x4)
                0x10000000                        _ssram2 = .
 *(.sram2)
 *(.sram2*)
                0x10000000                        . = ALIGN (0x4)
                0x10000000                        _esram2 = .
                0x10000000                        . = ALIGN (0x4)

.bss            0x20000000       0x28
                0x20000000                        _sbss = .
                0x20000000                        __bss_start__ = _sbss
 *(.bss)
 .bss           0x20000000       0x1c C:/ST/STM32CubeIDE_1.19.0/STM32CubeIDE/plugins/com.st.stm32cube.ide.mcu.externaltools.gnu-tools-for-stm32.13.3.rel1.win32_1.0.0.202411081344/tools/bin/../lib/gcc/arm-none-eabi/13.3.1/thumb/v7e-m+fp/hard/crtbegin.o
 *(.bss*)
 .bss.Gpioled   0x2000001c        0xc ./Src/main.o
                0x2000001c                Gpioled
 *(COMMON)
                0x20000028                        . = ALIGN (0x4)
                0x20000028                        _ebss = .
                0x20000028                        __bss_end__ = _ebss

._user_heap_stack
                0x20000028      0x600
                0x20000028                        . = ALIGN (0x8)
                [!provide]                        PROVIDE (end = .)
                0x20000028                        PROVIDE (_end = .)
                0x20000228                        . = (. + _Min_Heap_Size)
 *fill*         0x20000028      0x200 
                0x20000628                        . = (. + _Min_Stack_Size)
 *fill*         0x20000228      0x400 
                0x20000628                        . = ALIGN (0x8)

/DISCARD/
 libc.a(*)
 libm.a(*)
 libgcc.a(*)

.ARM.attributes
                0x00000000       0x30
 *(.ARM.attributes)
 .ARM.attributes
                0x00000000       0x22 C:/ST/STM32CubeIDE_1.19.0/STM32CubeIDE/plugins/com.st.stm32cube.ide.mcu.externaltools.gnu-tools-for-stm32.13.3.rel1.win32_1.0.0.202411081344/tools/bin/../lib/gcc/arm-none-eabi/13.3.1/thumb/v7e-m+fp/hard/crti.o
 .ARM.attributes
                0x00000022       0x34 C:/ST/STM32CubeIDE_1.19.0/STM32CubeIDE/plugins/com.st.stm32cube.ide.mcu.externaltools.gnu-tools-for-stm32.13.3.rel1.win32_1.0.0.202411081344/tools/bin/../lib/gcc/arm-none-eabi/13.3.1/thumb/v7e-m+fp/hard/crtbegin.o
 .ARM.attributes
                0x00000056       0x34 ./Drivers/Src/stm32l476xx_gpio_drivers.o
 .ARM.attributes
                0x0000008a       0x34 ./Src/delay.o
 .ARM.attributes
                0x000000be       0x34 ./Src/main.o
 .ARM.attributes
                0x000000f2       0x21 ./Startup/startup_stm32l476rgtx.o
 .ARM.attributes
                0x00000113       0x34 C:/ST/STM32CubeIDE_1.19.0/STM32CubeIDE/plugins/com.st.stm32cube.ide.mcu.externaltools.gnu-tools-for-stm32.13.3.rel1.win32_1.0.0.202411081344/tools/bin/../lib/gcc/arm-none-eabi/13.3.1/../../../../arm-none-eabi/lib/thumb/v7e-m+fp/hard\libc_nano.a(libc_a-init.o)
 .ARM.attributes
                0x00000147       0x22 C:/ST/STM32CubeIDE_1.19.0/STM32CubeIDE/plugins/com.st.stm32cube.ide.mcu.externaltools.gnu-tools-for-stm32.13.3.rel1.win32_1.0.0.202411081344/tools/bin/../lib/gcc/arm-none-eabi/13.3.1/thumb/v7e-m+fp/hard/crtn.o
OUTPUT(27_GPIO_BareMetal.elf elf32-littlearm)
LOAD linker stubs
LOAD C:/ST/STM32CubeIDE_1.19.0/STM32CubeIDE/plugins/com.st.stm32cube.ide.mcu.externaltools.gnu-tools-for-stm32.13.3.rel1.win32_1.0.0.202411081344/tools/bin/../lib/gcc/arm-none-eabi/13.3.1/../../../../arm-none-eabi/lib/thumb/v7e-m+fp/hard\libc.a
LOAD C:/ST/STM32CubeIDE_1.19.0/STM32CubeIDE/plugins/com.st.stm32cube.ide.mcu.externaltools.gnu-tools-for-stm32.13.3.rel1.win32_1.0.0.202411081344/tools/bin/../lib/gcc/arm-none-eabi/13.3.1/../../../../arm-none-eabi/lib/thumb/v7e-m+fp/hard\libm.a
LOAD C:/ST/STM32CubeIDE_1.19.0/STM32CubeIDE/plugins/com.st.stm32cube.ide.mcu.externaltools.gnu-tools-for-stm32.13.3.rel1.win32_1.0.0.202411081344/tools/bin/../lib/gcc/arm-none-eabi/13.3.1/thumb/v7e-m+fp/hard\libgcc.a

.debug_info     0x00000000      0xb57
 .debug_info    0x00000000      0x7d3 ./Drivers/Src/stm32l476xx_gpio_drivers.o
 .debug_info    0x000007d3       0xc6 ./Src/delay.o
 .debug_info    0x00000899      0x28e ./Src/main.o
 .debug_info    0x00000b27       0x30 ./Startup/startup_stm32l476rgtx.o

.debug_abbrev   0x00000000      0x2e9
 .debug_abbrev  0x00000000      0x14b ./Drivers/Src/stm32l476xx_gpio_drivers.o
 .debug_abbrev  0x0000014b       0x86 ./Src/delay.o
 .debug_abbrev  0x000001d1       0xf4 ./Src/main.o
 .debug_abbrev  0x000002c5       0x24 ./Startup/startup_stm32l476rgtx.o

.debug_aranges  0x00000000       0xe0
 .debug_aranges
                0x00000000       0x70 ./Drivers/Src/stm32l476xx_gpio_drivers.o
 .debug_aranges
                0x00000070       0x20 ./Src/delay.o
 .debug_aranges
                0x00000090       0x28 ./Src/main.o
 .debug_aranges
                0x000000b8       0x28 ./Startup/startup_stm32l476rgtx.o

.debug_rnglists
                0x00000000       0x99
 .debug_rnglists
                0x00000000       0x54 ./Drivers/Src/stm32l476xx_gpio_drivers.o
 .debug_rnglists
                0x00000054       0x13 ./Src/delay.o
 .debug_rnglists
                0x00000067       0x19 ./Src/main.o
 .debug_rnglists
                0x00000080       0x19 ./Startup/startup_stm32l476rgtx.o

.debug_macro    0x00000000     0x2a46
 .debug_macro   0x00000000      0x15c ./Drivers/Src/stm32l476xx_gpio_drivers.o
 .debug_macro   0x0000015c      0xade ./Drivers/Src/stm32l476xx_gpio_drivers.o
 .debug_macro   0x00000c3a      0x190 ./Drivers/Src/stm32l476xx_gpio_drivers.o
 .debug_macro   0x00000dca       0x22 ./Drivers/Src/stm32l476xx_gpio_drivers.o
 .debug_macro   0x00000dec       0x5b ./Drivers/Src/stm32l476xx_gpio_drivers.o
 .debug_macro   0x00000e47       0x2a ./Drivers/Src/stm32l476xx_gpio_drivers.o
 .debug_macro   0x00000e71       0x94 ./Drivers/Src/stm32l476xx_gpio_drivers.o
 .debug_macro   0x00000f05       0x43 ./Drivers/Src/stm32l476xx_gpio_drivers.o
 .debug_macro   0x00000f48       0x34 ./Drivers/Src/stm32l476xx_gpio_drivers.o
 .debug_macro   0x00000f7c       0x16 ./Drivers/Src/stm32l476xx_gpio_drivers.o
 .debug_macro   0x00000f92       0x57 ./Drivers/Src/stm32l476xx_gpio_drivers.o
 .debug_macro   0x00000fe9       0x3c ./Drivers/Src/stm32l476xx_gpio_drivers.o
 .debug_macro   0x00001025      0x370 ./Drivers/Src/stm32l476xx_gpio_drivers.o
 .debug_macro   0x00001395       0x10 ./Drivers/Src/stm32l476xx_gpio_drivers.o
 .debug_macro   0x000013a5       0x16 ./Drivers/Src/stm32l476xx_gpio_drivers.o
 .debug_macro   0x000013bb       0x4a ./Drivers/Src/stm32l476xx_gpio_drivers.o
 .debug_macro   0x00001405       0x34 ./Drivers/Src/stm32l476xx_gpio_drivers.o
 .debug_macro   0x00001439       0x10 ./Drivers/Src/stm32l476xx_gpio_drivers.o
 .debug_macro   0x00001449       0x58 ./Drivers/Src/stm32l476xx_gpio_drivers.o
 .debug_macro   0x000014a1       0x8e ./Drivers/Src/stm32l476xx_gpio_drivers.o
 .debug_macro   0x0000152f       0x1c ./Drivers/Src/stm32l476xx_gpio_drivers.o
 .debug_macro   0x0000154b      0x185 ./Drivers/Src/stm32l476xx_gpio_drivers.o
 .debug_macro   0x000016d0       0x16 ./Drivers/Src/stm32l476xx_gpio_drivers.o
 .debug_macro   0x000016e6       0x16 ./Drivers/Src/stm32l476xx_gpio_drivers.o
 .debug_macro   0x000016fc      0x146 ./Drivers/Src/stm32l476xx_gpio_drivers.o
 .debug_macro   0x00001842      0x103 ./Drivers/Src/stm32l476xx_gpio_drivers.o
 .debug_macro   0x00001945       0x6a ./Drivers/Src/stm32l476xx_gpio_drivers.o
 .debug_macro   0x000019af      0x1df ./Drivers/Src/stm32l476xx_gpio_drivers.o
 .debug_macro   0x00001b8e      0x705 ./Drivers/Src/stm32l476xx_gpio_drivers.o
 .debug_macro   0x00002293       0x6a ./Drivers/Src/stm32l476xx_gpio_drivers.o
 .debug_macro   0x000022fd       0x6d ./Src/delay.o
 .debug_macro   0x0000236a       0x8e ./Src/delay.o
 .debug_macro   0x000023f8       0x51 ./Src/delay.o
 .debug_macro   0x00002449      0x18d ./Src/main.o
 .debug_macro   0x000025d6       0x10 ./Src/main.o
 .debug_macro   0x000025e6      0x460 ./Src/main.o

.debug_line     0x00000000     0x15cf
 .debug_line    0x00000000      0xaea ./Drivers/Src/stm32l476xx_gpio_drivers.o
 .debug_line    0x00000aea      0x432 ./Src/delay.o
 .debug_line    0x00000f1c      0x638 ./Src/main.o
 .debug_line    0x00001554       0x7b ./Startup/startup_stm32l476rgtx.o

.debug_str      0x00000000     0xad60
 .debug_str     0x00000000     0xad60 ./Drivers/Src/stm32l476xx_gpio_drivers.o
                               0x9e5b (size before relaxing)
 .debug_str     0x0000ad60     0x3dcd ./Src/delay.o
 .debug_str     0x0000ad60     0xac0b ./Src/main.o
 .debug_str     0x0000ad60       0x92 ./Startup/startup_stm32l476rgtx.o

.comment        0x00000000       0x43
 .comment       0x00000000       0x43 ./Drivers/Src/stm32l476xx_gpio_drivers.o
                                 0x44 (size before relaxing)
 .comment       0x00000043       0x44 ./Src/delay.o
 .comment       0x00000043       0x44 ./Src/main.o

.debug_frame    0x00000000      0x274
 .debug_frame   0x00000000      0x1c8 ./Drivers/Src/stm32l476xx_gpio_drivers.o
 .debug_frame   0x000001c8       0x38 ./Src/delay.o
 .debug_frame   0x00000200       0x48 ./Src/main.o
 .debug_frame   0x00000248       0x2c C:/ST/STM32CubeIDE_1.19.0/STM32CubeIDE/plugins/com.st.stm32cube.ide.mcu.externaltools.gnu-tools-for-stm32.13.3.rel1.win32_1.0.0.202411081344/tools/bin/../lib/gcc/arm-none-eabi/13.3.1/../../../../arm-none-eabi/lib/thumb/v7e-m+fp/hard\libc_nano.a(libc_a-init.o)

.debug_line_str
                0x00000000       0x76
 .debug_line_str
                0x00000000       0x76 ./Startup/startup_stm32l476rgtx.o
