12:25:42 **** Build of configuration Debug for project 2_UartTx_Polling ****
make -j12 all 
arm-none-eabi-gcc "../Src/main.c" -mcpu=cortex-m4 -std=gnu11 -g3 -DUSE_HAL_DRIVER -DSTM32L476xx -c -I../Inc -I"C:/Users/manohar kuduchella/STM32CubeIDE/stm32l4_workspace/2_UartTx_Polling/Drivers/CMSIS/Include" -I"C:/Users/manohar kuduchella/STM32CubeIDE/stm32l4_workspace/2_UartTx_Polling/Drivers/CMSIS/Device/ST/STM32L4xx/Include" -I"C:/Users/manohar kuduchella/STM32CubeIDE/stm32l4_workspace/2_UartTx_Polling/Drivers/STM32L4xx_HAL_Driver/Inc" -O0 -ffunction-sections -fdata-sections -Wall -fstack-usage -fcyclomatic-complexity -MMD -MP -MF"Src/main.d" -MT"Src/main.o" --specs=nano.specs -mfpu=fpv4-sp-d16 -mfloat-abi=hard -mthumb -o "Src/main.o"
arm-none-eabi-gcc "../Src/syscalls.c" -mcpu=cortex-m4 -std=gnu11 -g3 -DUSE_HAL_DRIVER -DSTM32L476xx -c -I../Inc -I"C:/Users/manohar kuduchella/STM32CubeIDE/stm32l4_workspace/2_UartTx_Polling/Drivers/CMSIS/Include" -I"C:/Users/manohar kuduchella/STM32CubeIDE/stm32l4_workspace/2_UartTx_Polling/Drivers/CMSIS/Device/ST/STM32L4xx/Include" -I"C:/Users/manohar kuduchella/STM32CubeIDE/stm32l4_workspace/2_UartTx_Polling/Drivers/STM32L4xx_HAL_Driver/Inc" -O0 -ffunction-sections -fdata-sections -Wall -fstack-usage -fcyclomatic-complexity -MMD -MP -MF"Src/syscalls.d" -MT"Src/syscalls.o" --specs=nano.specs -mfpu=fpv4-sp-d16 -mfloat-abi=hard -mthumb -o "Src/syscalls.o"
arm-none-eabi-gcc "../Src/sysmem.c" -mcpu=cortex-m4 -std=gnu11 -g3 -DUSE_HAL_DRIVER -DSTM32L476xx -c -I../Inc -I"C:/Users/manohar kuduchella/STM32CubeIDE/stm32l4_workspace/2_UartTx_Polling/Drivers/CMSIS/Include" -I"C:/Users/manohar kuduchella/STM32CubeIDE/stm32l4_workspace/2_UartTx_Polling/Drivers/CMSIS/Device/ST/STM32L4xx/Include" -I"C:/Users/manohar kuduchella/STM32CubeIDE/stm32l4_workspace/2_UartTx_Polling/Drivers/STM32L4xx_HAL_Driver/Inc" -O0 -ffunction-sections -fdata-sections -Wall -fstack-usage -fcyclomatic-complexity -MMD -MP -MF"Src/sysmem.d" -MT"Src/sysmem.o" --specs=nano.specs -mfpu=fpv4-sp-d16 -mfloat-abi=hard -mthumb -o "Src/sysmem.o"
arm-none-eabi-gcc "../Src/system_stm32l4xx.c" -mcpu=cortex-m4 -std=gnu11 -g3 -DUSE_HAL_DRIVER -DSTM32L476xx -c -I../Inc -I"C:/Users/manohar kuduchella/STM32CubeIDE/stm32l4_workspace/2_UartTx_Polling/Drivers/CMSIS/Include" -I"C:/Users/manohar kuduchella/STM32CubeIDE/stm32l4_workspace/2_UartTx_Polling/Drivers/CMSIS/Device/ST/STM32L4xx/Include" -I"C:/Users/manohar kuduchella/STM32CubeIDE/stm32l4_workspace/2_UartTx_Polling/Drivers/STM32L4xx_HAL_Driver/Inc" -O0 -ffunction-sections -fdata-sections -Wall -fstack-usage -fcyclomatic-complexity -MMD -MP -MF"Src/system_stm32l4xx.d" -MT"Src/system_stm32l4xx.o" --specs=nano.specs -mfpu=fpv4-sp-d16 -mfloat-abi=hard -mthumb -o "Src/system_stm32l4xx.o"
arm-none-eabi-gcc "../Drivers/STM32L4xx_HAL_Driver/Src/stm32l4xx_hal.c" -mcpu=cortex-m4 -std=gnu11 -g3 -DUSE_HAL_DRIVER -DSTM32L476xx -c -I../Inc -I"C:/Users/manohar kuduchella/STM32CubeIDE/stm32l4_workspace/2_UartTx_Polling/Drivers/CMSIS/Include" -I"C:/Users/manohar kuduchella/STM32CubeIDE/stm32l4_workspace/2_UartTx_Polling/Drivers/CMSIS/Device/ST/STM32L4xx/Include" -I"C:/Users/manohar kuduchella/STM32CubeIDE/stm32l4_workspace/2_UartTx_Polling/Drivers/STM32L4xx_HAL_Driver/Inc" -O0 -ffunction-sections -fdata-sections -Wall -fstack-usage -fcyclomatic-complexity -MMD -MP -MF"Drivers/STM32L4xx_HAL_Driver/Src/stm32l4xx_hal.d" -MT"Drivers/STM32L4xx_HAL_Driver/Src/stm32l4xx_hal.o" --specs=nano.specs -mfpu=fpv4-sp-d16 -mfloat-abi=hard -mthumb -o "Drivers/STM32L4xx_HAL_Driver/Src/stm32l4xx_hal.o"
arm-none-eabi-gcc "../Drivers/STM32L4xx_HAL_Driver/Src/stm32l4xx_hal_cortex.c" -mcpu=cortex-m4 -std=gnu11 -g3 -DUSE_HAL_DRIVER -DSTM32L476xx -c -I../Inc -I"C:/Users/manohar kuduchella/STM32CubeIDE/stm32l4_workspace/2_UartTx_Polling/Drivers/CMSIS/Include" -I"C:/Users/manohar kuduchella/STM32CubeIDE/stm32l4_workspace/2_UartTx_Polling/Drivers/CMSIS/Device/ST/STM32L4xx/Include" -I"C:/Users/manohar kuduchella/STM32CubeIDE/stm32l4_workspace/2_UartTx_Polling/Drivers/STM32L4xx_HAL_Driver/Inc" -O0 -ffunction-sections -fdata-sections -Wall -fstack-usage -fcyclomatic-complexity -MMD -MP -MF"Drivers/STM32L4xx_HAL_Driver/Src/stm32l4xx_hal_cortex.d" -MT"Drivers/STM32L4xx_HAL_Driver/Src/stm32l4xx_hal_cortex.o" --specs=nano.specs -mfpu=fpv4-sp-d16 -mfloat-abi=hard -mthumb -o "Drivers/STM32L4xx_HAL_Driver/Src/stm32l4xx_hal_cortex.o"
arm-none-eabi-gcc "../Drivers/STM32L4xx_HAL_Driver/Src/stm32l4xx_hal_dma.c" -mcpu=cortex-m4 -std=gnu11 -g3 -DUSE_HAL_DRIVER -DSTM32L476xx -c -I../Inc -I"C:/Users/manohar kuduchella/STM32CubeIDE/stm32l4_workspace/2_UartTx_Polling/Drivers/CMSIS/Include" -I"C:/Users/manohar kuduchella/STM32CubeIDE/stm32l4_workspace/2_UartTx_Polling/Drivers/CMSIS/Device/ST/STM32L4xx/Include" -I"C:/Users/manohar kuduchella/STM32CubeIDE/stm32l4_workspace/2_UartTx_Polling/Drivers/STM32L4xx_HAL_Driver/Inc" -O0 -ffunction-sections -fdata-sections -Wall -fstack-usage -fcyclomatic-complexity -MMD -MP -MF"Drivers/STM32L4xx_HAL_Driver/Src/stm32l4xx_hal_dma.d" -MT"Drivers/STM32L4xx_HAL_Driver/Src/stm32l4xx_hal_dma.o" --specs=nano.specs -mfpu=fpv4-sp-d16 -mfloat-abi=hard -mthumb -o "Drivers/STM32L4xx_HAL_Driver/Src/stm32l4xx_hal_dma.o"
arm-none-eabi-gcc "../Drivers/STM32L4xx_HAL_Driver/Src/stm32l4xx_hal_dma_ex.c" -mcpu=cortex-m4 -std=gnu11 -g3 -DUSE_HAL_DRIVER -DSTM32L476xx -c -I../Inc -I"C:/Users/manohar kuduchella/STM32CubeIDE/stm32l4_workspace/2_UartTx_Polling/Drivers/CMSIS/Include" -I"C:/Users/manohar kuduchella/STM32CubeIDE/stm32l4_workspace/2_UartTx_Polling/Drivers/CMSIS/Device/ST/STM32L4xx/Include" -I"C:/Users/manohar kuduchella/STM32CubeIDE/stm32l4_workspace/2_UartTx_Polling/Drivers/STM32L4xx_HAL_Driver/Inc" -O0 -ffunction-sections -fdata-sections -Wall -fstack-usage -fcyclomatic-complexity -MMD -MP -MF"Drivers/STM32L4xx_HAL_Driver/Src/stm32l4xx_hal_dma_ex.d" -MT"Drivers/STM32L4xx_HAL_Driver/Src/stm32l4xx_hal_dma_ex.o" --specs=nano.specs -mfpu=fpv4-sp-d16 -mfloat-abi=hard -mthumb -o "Drivers/STM32L4xx_HAL_Driver/Src/stm32l4xx_hal_dma_ex.o"
arm-none-eabi-gcc "../Drivers/STM32L4xx_HAL_Driver/Src/stm32l4xx_hal_exti.c" -mcpu=cortex-m4 -std=gnu11 -g3 -DUSE_HAL_DRIVER -DSTM32L476xx -c -I../Inc -I"C:/Users/manohar kuduchella/STM32CubeIDE/stm32l4_workspace/2_UartTx_Polling/Drivers/CMSIS/Include" -I"C:/Users/manohar kuduchella/STM32CubeIDE/stm32l4_workspace/2_UartTx_Polling/Drivers/CMSIS/Device/ST/STM32L4xx/Include" -I"C:/Users/manohar kuduchella/STM32CubeIDE/stm32l4_workspace/2_UartTx_Polling/Drivers/STM32L4xx_HAL_Driver/Inc" -O0 -ffunction-sections -fdata-sections -Wall -fstack-usage -fcyclomatic-complexity -MMD -MP -MF"Drivers/STM32L4xx_HAL_Driver/Src/stm32l4xx_hal_exti.d" -MT"Drivers/STM32L4xx_HAL_Driver/Src/stm32l4xx_hal_exti.o" --specs=nano.specs -mfpu=fpv4-sp-d16 -mfloat-abi=hard -mthumb -o "Drivers/STM32L4xx_HAL_Driver/Src/stm32l4xx_hal_exti.o"
arm-none-eabi-gcc "../Drivers/STM32L4xx_HAL_Driver/Src/stm32l4xx_hal_flash.c" -mcpu=cortex-m4 -std=gnu11 -g3 -DUSE_HAL_DRIVER -DSTM32L476xx -c -I../Inc -I"C:/Users/manohar kuduchella/STM32CubeIDE/stm32l4_workspace/2_UartTx_Polling/Drivers/CMSIS/Include" -I"C:/Users/manohar kuduchella/STM32CubeIDE/stm32l4_workspace/2_UartTx_Polling/Drivers/CMSIS/Device/ST/STM32L4xx/Include" -I"C:/Users/manohar kuduchella/STM32CubeIDE/stm32l4_workspace/2_UartTx_Polling/Drivers/STM32L4xx_HAL_Driver/Inc" -O0 -ffunction-sections -fdata-sections -Wall -fstack-usage -fcyclomatic-complexity -MMD -MP -MF"Drivers/STM32L4xx_HAL_Driver/Src/stm32l4xx_hal_flash.d" -MT"Drivers/STM32L4xx_HAL_Driver/Src/stm32l4xx_hal_flash.o" --specs=nano.specs -mfpu=fpv4-sp-d16 -mfloat-abi=hard -mthumb -o "Drivers/STM32L4xx_HAL_Driver/Src/stm32l4xx_hal_flash.o"
arm-none-eabi-gcc "../Drivers/STM32L4xx_HAL_Driver/Src/stm32l4xx_hal_flash_ex.c" -mcpu=cortex-m4 -std=gnu11 -g3 -DUSE_HAL_DRIVER -DSTM32L476xx -c -I../Inc -I"C:/Users/manohar kuduchella/STM32CubeIDE/stm32l4_workspace/2_UartTx_Polling/Drivers/CMSIS/Include" -I"C:/Users/manohar kuduchella/STM32CubeIDE/stm32l4_workspace/2_UartTx_Polling/Drivers/CMSIS/Device/ST/STM32L4xx/Include" -I"C:/Users/manohar kuduchella/STM32CubeIDE/stm32l4_workspace/2_UartTx_Polling/Drivers/STM32L4xx_HAL_Driver/Inc" -O0 -ffunction-sections -fdata-sections -Wall -fstack-usage -fcyclomatic-complexity -MMD -MP -MF"Drivers/STM32L4xx_HAL_Driver/Src/stm32l4xx_hal_flash_ex.d" -MT"Drivers/STM32L4xx_HAL_Driver/Src/stm32l4xx_hal_flash_ex.o" --specs=nano.specs -mfpu=fpv4-sp-d16 -mfloat-abi=hard -mthumb -o "Drivers/STM32L4xx_HAL_Driver/Src/stm32l4xx_hal_flash_ex.o"
arm-none-eabi-gcc "../Drivers/STM32L4xx_HAL_Driver/Src/stm32l4xx_hal_flash_ramfunc.c" -mcpu=cortex-m4 -std=gnu11 -g3 -DUSE_HAL_DRIVER -DSTM32L476xx -c -I../Inc -I"C:/Users/manohar kuduchella/STM32CubeIDE/stm32l4_workspace/2_UartTx_Polling/Drivers/CMSIS/Include" -I"C:/Users/manohar kuduchella/STM32CubeIDE/stm32l4_workspace/2_UartTx_Polling/Drivers/CMSIS/Device/ST/STM32L4xx/Include" -I"C:/Users/manohar kuduchella/STM32CubeIDE/stm32l4_workspace/2_UartTx_Polling/Drivers/STM32L4xx_HAL_Driver/Inc" -O0 -ffunction-sections -fdata-sections -Wall -fstack-usage -fcyclomatic-complexity -MMD -MP -MF"Drivers/STM32L4xx_HAL_Driver/Src/stm32l4xx_hal_flash_ramfunc.d" -MT"Drivers/STM32L4xx_HAL_Driver/Src/stm32l4xx_hal_flash_ramfunc.o" --specs=nano.specs -mfpu=fpv4-sp-d16 -mfloat-abi=hard -mthumb -o "Drivers/STM32L4xx_HAL_Driver/Src/stm32l4xx_hal_flash_ramfunc.o"
arm-none-eabi-gcc "../Drivers/STM32L4xx_HAL_Driver/Src/stm32l4xx_hal_gpio.c" -mcpu=cortex-m4 -std=gnu11 -g3 -DUSE_HAL_DRIVER -DSTM32L476xx -c -I../Inc -I"C:/Users/manohar kuduchella/STM32CubeIDE/stm32l4_workspace/2_UartTx_Polling/Drivers/CMSIS/Include" -I"C:/Users/manohar kuduchella/STM32CubeIDE/stm32l4_workspace/2_UartTx_Polling/Drivers/CMSIS/Device/ST/STM32L4xx/Include" -I"C:/Users/manohar kuduchella/STM32CubeIDE/stm32l4_workspace/2_UartTx_Polling/Drivers/STM32L4xx_HAL_Driver/Inc" -O0 -ffunction-sections -fdata-sections -Wall -fstack-usage -fcyclomatic-complexity -MMD -MP -MF"Drivers/STM32L4xx_HAL_Driver/Src/stm32l4xx_hal_gpio.d" -MT"Drivers/STM32L4xx_HAL_Driver/Src/stm32l4xx_hal_gpio.o" --specs=nano.specs -mfpu=fpv4-sp-d16 -mfloat-abi=hard -mthumb -o "Drivers/STM32L4xx_HAL_Driver/Src/stm32l4xx_hal_gpio.o"
arm-none-eabi-gcc "../Drivers/STM32L4xx_HAL_Driver/Src/stm32l4xx_hal_pwr.c" -mcpu=cortex-m4 -std=gnu11 -g3 -DUSE_HAL_DRIVER -DSTM32L476xx -c -I../Inc -I"C:/Users/manohar kuduchella/STM32CubeIDE/stm32l4_workspace/2_UartTx_Polling/Drivers/CMSIS/Include" -I"C:/Users/manohar kuduchella/STM32CubeIDE/stm32l4_workspace/2_UartTx_Polling/Drivers/CMSIS/Device/ST/STM32L4xx/Include" -I"C:/Users/manohar kuduchella/STM32CubeIDE/stm32l4_workspace/2_UartTx_Polling/Drivers/STM32L4xx_HAL_Driver/Inc" -O0 -ffunction-sections -fdata-sections -Wall -fstack-usage -fcyclomatic-complexity -MMD -MP -MF"Drivers/STM32L4xx_HAL_Driver/Src/stm32l4xx_hal_pwr.d" -MT"Drivers/STM32L4xx_HAL_Driver/Src/stm32l4xx_hal_pwr.o" --specs=nano.specs -mfpu=fpv4-sp-d16 -mfloat-abi=hard -mthumb -o "Drivers/STM32L4xx_HAL_Driver/Src/stm32l4xx_hal_pwr.o"
arm-none-eabi-gcc "../Drivers/STM32L4xx_HAL_Driver/Src/stm32l4xx_hal_pwr_ex.c" -mcpu=cortex-m4 -std=gnu11 -g3 -DUSE_HAL_DRIVER -DSTM32L476xx -c -I../Inc -I"C:/Users/manohar kuduchella/STM32CubeIDE/stm32l4_workspace/2_UartTx_Polling/Drivers/CMSIS/Include" -I"C:/Users/manohar kuduchella/STM32CubeIDE/stm32l4_workspace/2_UartTx_Polling/Drivers/CMSIS/Device/ST/STM32L4xx/Include" -I"C:/Users/manohar kuduchella/STM32CubeIDE/stm32l4_workspace/2_UartTx_Polling/Drivers/STM32L4xx_HAL_Driver/Inc" -O0 -ffunction-sections -fdata-sections -Wall -fstack-usage -fcyclomatic-complexity -MMD -MP -MF"Drivers/STM32L4xx_HAL_Driver/Src/stm32l4xx_hal_pwr_ex.d" -MT"Drivers/STM32L4xx_HAL_Driver/Src/stm32l4xx_hal_pwr_ex.o" --specs=nano.specs -mfpu=fpv4-sp-d16 -mfloat-abi=hard -mthumb -o "Drivers/STM32L4xx_HAL_Driver/Src/stm32l4xx_hal_pwr_ex.o"
arm-none-eabi-gcc "../Drivers/STM32L4xx_HAL_Driver/Src/stm32l4xx_hal_rcc.c" -mcpu=cortex-m4 -std=gnu11 -g3 -DUSE_HAL_DRIVER -DSTM32L476xx -c -I../Inc -I"C:/Users/manohar kuduchella/STM32CubeIDE/stm32l4_workspace/2_UartTx_Polling/Drivers/CMSIS/Include" -I"C:/Users/manohar kuduchella/STM32CubeIDE/stm32l4_workspace/2_UartTx_Polling/Drivers/CMSIS/Device/ST/STM32L4xx/Include" -I"C:/Users/manohar kuduchella/STM32CubeIDE/stm32l4_workspace/2_UartTx_Polling/Drivers/STM32L4xx_HAL_Driver/Inc" -O0 -ffunction-sections -fdata-sections -Wall -fstack-usage -fcyclomatic-complexity -MMD -MP -MF"Drivers/STM32L4xx_HAL_Driver/Src/stm32l4xx_hal_rcc.d" -MT"Drivers/STM32L4xx_HAL_Driver/Src/stm32l4xx_hal_rcc.o" --specs=nano.specs -mfpu=fpv4-sp-d16 -mfloat-abi=hard -mthumb -o "Drivers/STM32L4xx_HAL_Driver/Src/stm32l4xx_hal_rcc.o"
arm-none-eabi-gcc "../Drivers/STM32L4xx_HAL_Driver/Src/stm32l4xx_hal_rcc_ex.c" -mcpu=cortex-m4 -std=gnu11 -g3 -DUSE_HAL_DRIVER -DSTM32L476xx -c -I../Inc -I"C:/Users/manohar kuduchella/STM32CubeIDE/stm32l4_workspace/2_UartTx_Polling/Drivers/CMSIS/Include" -I"C:/Users/manohar kuduchella/STM32CubeIDE/stm32l4_workspace/2_UartTx_Polling/Drivers/CMSIS/Device/ST/STM32L4xx/Include" -I"C:/Users/manohar kuduchella/STM32CubeIDE/stm32l4_workspace/2_UartTx_Polling/Drivers/STM32L4xx_HAL_Driver/Inc" -O0 -ffunction-sections -fdata-sections -Wall -fstack-usage -fcyclomatic-complexity -MMD -MP -MF"Drivers/STM32L4xx_HAL_Driver/Src/stm32l4xx_hal_rcc_ex.d" -MT"Drivers/STM32L4xx_HAL_Driver/Src/stm32l4xx_hal_rcc_ex.o" --specs=nano.specs -mfpu=fpv4-sp-d16 -mfloat-abi=hard -mthumb -o "Drivers/STM32L4xx_HAL_Driver/Src/stm32l4xx_hal_rcc_ex.o"
arm-none-eabi-gcc "../Drivers/STM32L4xx_HAL_Driver/Src/stm32l4xx_hal_uart.c" -mcpu=cortex-m4 -std=gnu11 -g3 -DUSE_HAL_DRIVER -DSTM32L476xx -c -I../Inc -I"C:/Users/manohar kuduchella/STM32CubeIDE/stm32l4_workspace/2_UartTx_Polling/Drivers/CMSIS/Include" -I"C:/Users/manohar kuduchella/STM32CubeIDE/stm32l4_workspace/2_UartTx_Polling/Drivers/CMSIS/Device/ST/STM32L4xx/Include" -I"C:/Users/manohar kuduchella/STM32CubeIDE/stm32l4_workspace/2_UartTx_Polling/Drivers/STM32L4xx_HAL_Driver/Inc" -O0 -ffunction-sections -fdata-sections -Wall -fstack-usage -fcyclomatic-complexity -MMD -MP -MF"Drivers/STM32L4xx_HAL_Driver/Src/stm32l4xx_hal_uart.d" -MT"Drivers/STM32L4xx_HAL_Driver/Src/stm32l4xx_hal_uart.o" --specs=nano.specs -mfpu=fpv4-sp-d16 -mfloat-abi=hard -mthumb -o "Drivers/STM32L4xx_HAL_Driver/Src/stm32l4xx_hal_uart.o"
arm-none-eabi-gcc "../Drivers/STM32L4xx_HAL_Driver/Src/stm32l4xx_hal_uart_ex.c" -mcpu=cortex-m4 -std=gnu11 -g3 -DUSE_HAL_DRIVER -DSTM32L476xx -c -I../Inc -I"C:/Users/manohar kuduchella/STM32CubeIDE/stm32l4_workspace/2_UartTx_Polling/Drivers/CMSIS/Include" -I"C:/Users/manohar kuduchella/STM32CubeIDE/stm32l4_workspace/2_UartTx_Polling/Drivers/CMSIS/Device/ST/STM32L4xx/Include" -I"C:/Users/manohar kuduchella/STM32CubeIDE/stm32l4_workspace/2_UartTx_Polling/Drivers/STM32L4xx_HAL_Driver/Inc" -O0 -ffunction-sections -fdata-sections -Wall -fstack-usage -fcyclomatic-complexity -MMD -MP -MF"Drivers/STM32L4xx_HAL_Driver/Src/stm32l4xx_hal_uart_ex.d" -MT"Drivers/STM32L4xx_HAL_Driver/Src/stm32l4xx_hal_uart_ex.o" --specs=nano.specs -mfpu=fpv4-sp-d16 -mfloat-abi=hard -mthumb -o "Drivers/STM32L4xx_HAL_Driver/Src/stm32l4xx_hal_uart_ex.o"
arm-none-eabi-gcc "../Drivers/STM32L4xx_HAL_Driver/Src/stm32l4xx_hal_usart.c" -mcpu=cortex-m4 -std=gnu11 -g3 -DUSE_HAL_DRIVER -DSTM32L476xx -c -I../Inc -I"C:/Users/manohar kuduchella/STM32CubeIDE/stm32l4_workspace/2_UartTx_Polling/Drivers/CMSIS/Include" -I"C:/Users/manohar kuduchella/STM32CubeIDE/stm32l4_workspace/2_UartTx_Polling/Drivers/CMSIS/Device/ST/STM32L4xx/Include" -I"C:/Users/manohar kuduchella/STM32CubeIDE/stm32l4_workspace/2_UartTx_Polling/Drivers/STM32L4xx_HAL_Driver/Inc" -O0 -ffunction-sections -fdata-sections -Wall -fstack-usage -fcyclomatic-complexity -MMD -MP -MF"Drivers/STM32L4xx_HAL_Driver/Src/stm32l4xx_hal_usart.d" -MT"Drivers/STM32L4xx_HAL_Driver/Src/stm32l4xx_hal_usart.o" --specs=nano.specs -mfpu=fpv4-sp-d16 -mfloat-abi=hard -mthumb -o "Drivers/STM32L4xx_HAL_Driver/Src/stm32l4xx_hal_usart.o"
arm-none-eabi-gcc "../Drivers/STM32L4xx_HAL_Driver/Src/stm32l4xx_hal_usart_ex.c" -mcpu=cortex-m4 -std=gnu11 -g3 -DUSE_HAL_DRIVER -DSTM32L476xx -c -I../Inc -I"C:/Users/manohar kuduchella/STM32CubeIDE/stm32l4_workspace/2_UartTx_Polling/Drivers/CMSIS/Include" -I"C:/Users/manohar kuduchella/STM32CubeIDE/stm32l4_workspace/2_UartTx_Polling/Drivers/CMSIS/Device/ST/STM32L4xx/Include" -I"C:/Users/manohar kuduchella/STM32CubeIDE/stm32l4_workspace/2_UartTx_Polling/Drivers/STM32L4xx_HAL_Driver/Inc" -O0 -ffunction-sections -fdata-sections -Wall -fstack-usage -fcyclomatic-complexity -MMD -MP -MF"Drivers/STM32L4xx_HAL_Driver/Src/stm32l4xx_hal_usart_ex.d" -MT"Drivers/STM32L4xx_HAL_Driver/Src/stm32l4xx_hal_usart_ex.o" --specs=nano.specs -mfpu=fpv4-sp-d16 -mfloat-abi=hard -mthumb -o "Drivers/STM32L4xx_HAL_Driver/Src/stm32l4xx_hal_usart_ex.o"
arm-none-eabi-gcc -o "2_UartTx_Polling.elf" @"objects.list"   -mcpu=cortex-m4 -T"C:\Users\manohar kuduchella\STM32CubeIDE\stm32l4_workspace\2_UartTx_Polling\STM32L476RGTX_FLASH.ld" --specs=nosys.specs -Wl,-Map="2_UartTx_Polling.map" -Wl,--gc-sections -static --specs=nano.specs -mfpu=fpv4-sp-d16 -mfloat-abi=hard -mthumb -Wl,--start-group -lc -lm -Wl,--end-group
Finished building target: 2_UartTx_Polling.elf
 
arm-none-eabi-size  2_UartTx_Polling.elf 
arm-none-eabi-objdump -h -S 2_UartTx_Polling.elf  > "2_UartTx_Polling.list"
   text	   data	    bss	    dec	    hex	filename
   6696	     32	   1704	   8432	   20f0	2_UartTx_Polling.elf
Finished building: default.size.stdout
 
Finished building: 2_UartTx_Polling.list
 

12:25:46 Build Finished. 0 errors, 0 warnings. (took 3s.793ms)

