12:30:20 **** Incremental Build of configuration Debug for project stm32l4xx_drivers ****
make -j12 all 
arm-none-eabi-gcc -mcpu=cortex-m4 -g3 -DDEBUG -c -x assembler-with-cpp -MMD -MP -MF"Startup/startup_stm32l476rgtx.d" -MT"Startup/startup_stm32l476rgtx.o" --specs=nano.specs -mfpu=fpv4-sp-d16 -mfloat-abi=hard -mthumb -o "Startup/startup_stm32l476rgtx.o" "../Startup/startup_stm32l476rgtx.s"
arm-none-eabi-gcc "../Src/main_spi_tx.c" -mcpu=cortex-m4 -std=gnu11 -g3 -DDEBUG -DSTM32L4 -DSTM32 -DSTM32L476RGTx -c -I../Inc -I"C:/Users/manohar kuduchella/STM32CubeIDE/stm32l4_workspace_LL/stm32l4xx_drivers/Drivers/Inc" -O0 -ffunction-sections -fdata-sections -Wall -fstack-usage -fcyclomatic-complexity -MMD -MP -MF"Src/main_spi_tx.d" -MT"Src/main_spi_tx.o" --specs=nano.specs -mfpu=fpv4-sp-d16 -mfloat-abi=hard -mthumb -o "Src/main_spi_tx.o"
arm-none-eabi-gcc "../Src/syscalls.c" -mcpu=cortex-m4 -std=gnu11 -g3 -DDEBUG -DSTM32L4 -DSTM32 -DSTM32L476RGTx -c -I../Inc -I"C:/Users/manohar kuduchella/STM32CubeIDE/stm32l4_workspace_LL/stm32l4xx_drivers/Drivers/Inc" -O0 -ffunction-sections -fdata-sections -Wall -fstack-usage -fcyclomatic-complexity -MMD -MP -MF"Src/syscalls.d" -MT"Src/syscalls.o" --specs=nano.specs -mfpu=fpv4-sp-d16 -mfloat-abi=hard -mthumb -o "Src/syscalls.o"
arm-none-eabi-gcc "../Src/sysmem.c" -mcpu=cortex-m4 -std=gnu11 -g3 -DDEBUG -DSTM32L4 -DSTM32 -DSTM32L476RGTx -c -I../Inc -I"C:/Users/manohar kuduchella/STM32CubeIDE/stm32l4_workspace_LL/stm32l4xx_drivers/Drivers/Inc" -O0 -ffunction-sections -fdata-sections -Wall -fstack-usage -fcyclomatic-complexity -MMD -MP -MF"Src/sysmem.d" -MT"Src/sysmem.o" --specs=nano.specs -mfpu=fpv4-sp-d16 -mfloat-abi=hard -mthumb -o "Src/sysmem.o"
arm-none-eabi-gcc "../Drivers/Src/stm32l476xx_gpio_driver.c" -mcpu=cortex-m4 -std=gnu11 -g3 -DDEBUG -DSTM32L4 -DSTM32 -DSTM32L476RGTx -c -I../Inc -I"C:/Users/manohar kuduchella/STM32CubeIDE/stm32l4_workspace_LL/stm32l4xx_drivers/Drivers/Inc" -O0 -ffunction-sections -fdata-sections -Wall -fstack-usage -fcyclomatic-complexity -MMD -MP -MF"Drivers/Src/stm32l476xx_gpio_driver.d" -MT"Drivers/Src/stm32l476xx_gpio_driver.o" --specs=nano.specs -mfpu=fpv4-sp-d16 -mfloat-abi=hard -mthumb -o "Drivers/Src/stm32l476xx_gpio_driver.o"
arm-none-eabi-gcc "../Drivers/Src/stm32l476xx_spi_driver.c" -mcpu=cortex-m4 -std=gnu11 -g3 -DDEBUG -DSTM32L4 -DSTM32 -DSTM32L476RGTx -c -I../Inc -I"C:/Users/manohar kuduchella/STM32CubeIDE/stm32l4_workspace_LL/stm32l4xx_drivers/Drivers/Inc" -O0 -ffunction-sections -fdata-sections -Wall -fstack-usage -fcyclomatic-complexity -MMD -MP -MF"Drivers/Src/stm32l476xx_spi_driver.d" -MT"Drivers/Src/stm32l476xx_spi_driver.o" --specs=nano.specs -mfpu=fpv4-sp-d16 -mfloat-abi=hard -mthumb -o "Drivers/Src/stm32l476xx_spi_driver.o"
arm-none-eabi-gcc -o "stm32l4xx_drivers.elf" @"objects.list"   -mcpu=cortex-m4 -T"C:\Users\manohar kuduchella\STM32CubeIDE\stm32l4_workspace_LL\stm32l4xx_drivers\STM32L476RGTX_FLASH.ld" --specs=nosys.specs -Wl,-Map="stm32l4xx_drivers.map" -Wl,--gc-sections -static --specs=nano.specs -mfpu=fpv4-sp-d16 -mfloat-abi=hard -mthumb -Wl,--start-group -lc -lm -Wl,--end-group
Finished building target: stm32l4xx_drivers.elf
 
arm-none-eabi-size  stm32l4xx_drivers.elf 
arm-none-eabi-objdump -h -S stm32l4xx_drivers.elf  > "stm32l4xx_drivers.list"
   text	   data	    bss	    dec	    hex	filename
    664	      0	   1568	   2232	    8b8	stm32l4xx_drivers.elf
Finished building: default.size.stdout
 
Finished building: stm32l4xx_drivers.list
 

12:30:22 Build Finished. 0 errors, 0 warnings. (took 2s.760ms)

