<html>
<body>
<pre>
<h1>µVision Build Log</h1>
<h2>Project:</h2>
C:\Users\manohar kuduchella\OneDrive\Documents\Bitlearn_workspace\Microcontrollers\LPC2148\blinl_led.uvproj
Project File Date:  04/17/2026

<h2>Output:</h2>
Rebuild target 'Target 1'
assembling Startup.s...
compiling blink_led_prg.c...
linking...
Program Size: Code=932 RO-data=16 RW-data=0 ZI-data=1256  
FromELF: creating hex file...
".\blinl_led.axf" - 0 Error(s), 0 Warning(s).
</pre>
</body>
</html>
inl_led.axf" - 1 Error(s), 0 Warning(s).
Target not created
                for(int i=0;i<200;i++);
blink_led_prg.c(9): error:  #20: identifier "i" is undefined
                for(int i=0;i<200;i++);
blink_led_prg.c: 0 warnings, 4 errors
".\blinl_led.axf" - 4 Error(s), 0 Warning(s).
Target not created
