<html>
<body>
<pre>
<h1>µVision Build Log</h1>
<h2>Project:</h2>
C:\Users\manohar kuduchella\OneDrive\Documents\Bitlearn_workspace\Microcontrollers\LPC2148\Lpc2148_I2C_SPI_.uvproj
Project File Date:  04/21/2026

<h2>Output:</h2>
Rebuild target 'Target 1'
assembling Startup.s...
compiling lpc_test.c...
linking...
Program Size: Code=2508 RO-data=16 RW-data=0 ZI-data=1256  
FromELF: creating hex file...
".\Lpc2148_I2C_SPI_.axf" - 0 Error(s), 0 Warning(s).
</pre>
</body>
</html>

FromELF: creating hex file...
".\Lpc2148_I2C_SPI_.axf" - 0 Error(s), 1 Warning(s).
